Component: ARM Compiler 5.06 update 1 (build 61) Tool: armlink [4d35a8]

==============================================================================

Section Cross References

    startup_stm32h750xx.o(STACK) refers (Special) to heapauxi.o(.text) for __use_two_region_memory
    startup_stm32h750xx.o(HEAP) refers (Special) to heapauxi.o(.text) for __use_two_region_memory
    startup_stm32h750xx.o(RESET) refers (Special) to heapauxi.o(.text) for __use_two_region_memory
    startup_stm32h750xx.o(RESET) refers to startup_stm32h750xx.o(STACK) for __initial_sp
    startup_stm32h750xx.o(RESET) refers to startup_stm32h750xx.o(.text) for Reset_Handler
    startup_stm32h750xx.o(RESET) refers to stm32h7xx_it.o(i.NMI_Handler) for NMI_Handler
    startup_stm32h750xx.o(RESET) refers to stm32h7xx_it.o(i.HardFault_Handler) for HardFault_Handler
    startup_stm32h750xx.o(RESET) refers to stm32h7xx_it.o(i.MemManage_Handler) for MemManage_Handler
    startup_stm32h750xx.o(RESET) refers to stm32h7xx_it.o(i.BusFault_Handler) for BusFault_Handler
    startup_stm32h750xx.o(RESET) refers to stm32h7xx_it.o(i.UsageFault_Handler) for UsageFault_Handler
    startup_stm32h750xx.o(RESET) refers to stm32h7xx_it.o(i.SVC_Handler) for SVC_Handler
    startup_stm32h750xx.o(RESET) refers to stm32h7xx_it.o(i.DebugMon_Handler) for DebugMon_Handler
    startup_stm32h750xx.o(RESET) refers to stm32h7xx_it.o(i.PendSV_Handler) for PendSV_Handler
    startup_stm32h750xx.o(RESET) refers to stm32h7xx_it.o(i.SysTick_Handler) for SysTick_Handler
    startup_stm32h750xx.o(RESET) refers to stm32h7xx_it.o(i.USART1_IRQHandler) for USART1_IRQHandler
    startup_stm32h750xx.o(RESET) refers to stm32h7xx_it.o(i.USART2_IRQHandler) for USART2_IRQHandler
    startup_stm32h750xx.o(.text) refers (Special) to heapauxi.o(.text) for __use_two_region_memory
    startup_stm32h750xx.o(.text) refers to system_stm32h7xx.o(i.SystemInit) for SystemInit
    startup_stm32h750xx.o(.text) refers to __main.o(!!!main) for __main
    startup_stm32h750xx.o(.text) refers to startup_stm32h750xx.o(HEAP) for Heap_Mem
    startup_stm32h750xx.o(.text) refers to startup_stm32h750xx.o(STACK) for Stack_Mem
    main.o(i.HAL_UART_RxCpltCallback) refers to stm32h7xx_hal_uart.o(i.HAL_UART_Receive_IT) for HAL_UART_Receive_IT
    main.o(i.HAL_UART_RxCpltCallback) refers to usart.o(.bss) for huart2
    main.o(i.HAL_UART_RxCpltCallback) refers to main.o(.data) for .data
    main.o(i.LoRa_Set) refers to _printf_pad.o(.text) for _printf_pre_padding
    main.o(i.LoRa_Set) refers to _printf_percent.o(.ARM.Collect$$_printf_percent$$00000000) for _printf_percent
    main.o(i.LoRa_Set) refers to _printf_x.o(.ARM.Collect$$_printf_percent$$0000000C) for _printf_x
    main.o(i.LoRa_Set) refers to _printf_hex_int.o(.text) for _printf_longlong_hex
    main.o(i.LoRa_Set) refers to _printf_s.o(.ARM.Collect$$_printf_percent$$00000014) for _printf_s
    main.o(i.LoRa_Set) refers to _printf_str.o(.text) for _printf_str
    main.o(i.LoRa_Set) refers to _printf_d.o(.ARM.Collect$$_printf_percent$$00000009) for _printf_d
    main.o(i.LoRa_Set) refers to _printf_dec.o(.text) for _printf_int_dec
    main.o(i.LoRa_Set) refers to stm32h7xx_hal_gpio.o(i.HAL_GPIO_WritePin) for HAL_GPIO_WritePin
    main.o(i.LoRa_Set) refers to stm32h7xx_hal.o(i.HAL_Delay) for HAL_Delay
    main.o(i.LoRa_Set) refers to noretval__2sprintf.o(.text) for __2sprintf
    main.o(i.LoRa_Set) refers to noretval__2printf.o(.text) for __2printf
    main.o(i.LoRa_Set) refers to main.o(.data) for .data
    main.o(i.SystemClock_Config) refers to rt_memclr_w.o(.text) for __aeabi_memclr4
    main.o(i.SystemClock_Config) refers to stm32h7xx_hal_pwr_ex.o(i.HAL_PWREx_ConfigSupply) for HAL_PWREx_ConfigSupply
    main.o(i.SystemClock_Config) refers to stm32h7xx_hal_rcc.o(i.HAL_RCC_OscConfig) for HAL_RCC_OscConfig
    main.o(i.SystemClock_Config) refers to stm32h7xx_hal_rcc.o(i.HAL_RCC_ClockConfig) for HAL_RCC_ClockConfig
    main.o(i.main) refers to _printf_pad.o(.text) for _printf_pre_padding
    main.o(i.main) refers to _printf_percent.o(.ARM.Collect$$_printf_percent$$00000000) for _printf_percent
    main.o(i.main) refers to _printf_d.o(.ARM.Collect$$_printf_percent$$00000009) for _printf_d
    main.o(i.main) refers to _printf_dec.o(.text) for _printf_int_dec
    main.o(i.main) refers to _printf_f.o(.ARM.Collect$$_printf_percent$$00000003) for _printf_f
    main.o(i.main) refers to printf1.o(x$fpl$printf1) for _printf_fp_dec
    main.o(i.main) refers to stm32h7xx_hal.o(i.HAL_Init) for HAL_Init
    main.o(i.main) refers to main.o(i.SystemClock_Config) for SystemClock_Config
    main.o(i.main) refers to gpio.o(i.MX_GPIO_Init) for MX_GPIO_Init
    main.o(i.main) refers to usart.o(i.MX_USART1_UART_Init) for MX_USART1_UART_Init
    main.o(i.main) refers to spi.o(i.MX_SPI6_Init) for MX_SPI6_Init
    main.o(i.main) refers to usart.o(i.MX_USART2_UART_Init) for MX_USART2_UART_Init
    main.o(i.main) refers to tim.o(i.MX_TIM3_Init) for MX_TIM3_Init
[...]
    TIM_ITRx_SetConfig                       0x08008417   Thumb Code    20  stm32h7xx_hal_tim.o(i.TIM_ITRx_SetConfig)
    i.TIM_OC1_SetConfig                      0x0800842c   Section        0  stm32h7xx_hal_tim.o(i.TIM_OC1_SetConfig)
    TIM_OC1_SetConfig                        0x0800842d   Thumb Code   222  stm32h7xx_hal_tim.o(i.TIM_OC1_SetConfig)
    i.TIM_OC2_SetConfig                      0x08008550   Section        0  stm32h7xx_hal_tim.o(i.TIM_OC2_SetConfig)
    i.TIM_OC3_SetConfig                      0x0800865c   Section        0  stm32h7xx_hal_tim.o(i.TIM_OC3_SetConfig)
    TIM_OC3_SetConfig                        0x0800865d   Thumb Code   200  stm32h7xx_hal_tim.o(i.TIM_OC3_SetConfig)
    i.TIM_OC4_SetConfig                      0x08008764   Section        0  stm32h7xx_hal_tim.o(i.TIM_OC4_SetConfig)
    TIM_OC4_SetConfig                        0x08008765   Thumb Code   126  stm32h7xx_hal_tim.o(i.TIM_OC4_SetConfig)
    i.TIM_OC5_SetConfig                      0x0800881c   Section        0  stm32h7xx_hal_tim.o(i.TIM_OC5_SetConfig)
    TIM_OC5_SetConfig                        0x0800881d   Thumb Code   100  stm32h7xx_hal_tim.o(i.TIM_OC5_SetConfig)
    i.TIM_OC6_SetConfig                      0x08008880   Section        0  stm32h7xx_hal_tim.o(i.TIM_OC6_SetConfig)
    TIM_OC6_SetConfig                        0x08008881   Thumb Code   102  stm32h7xx_hal_tim.o(i.TIM_OC6_SetConfig)
    i.TIM_TI1_ConfigInputStage               0x080088e6   Section        0  stm32h7xx_hal_tim.o(i.TIM_TI1_ConfigInputStage)
    TIM_TI1_ConfigInputStage                 0x080088e7   Thumb Code    38  stm32h7xx_hal_tim.o(i.TIM_TI1_ConfigInputStage)
    i.TIM_TI2_ConfigInputStage               0x0800890c   Section        0  stm32h7xx_hal_tim.o(i.TIM_TI2_ConfigInputStage)
    TIM_TI2_ConfigInputStage                 0x0800890d   Thumb Code    36  stm32h7xx_hal_tim.o(i.TIM_TI2_ConfigInputStage)
    i.UARTEx_SetNbDataToProcess              0x08008930   Section        0  stm32h7xx_hal_uart_ex.o(i.UARTEx_SetNbDataToProcess)
    UARTEx_SetNbDataToProcess                0x08008931   Thumb Code    86  stm32h7xx_hal_uart_ex.o(i.UARTEx_SetNbDataToProcess)
    i.UART_AdvFeatureConfig                  0x0800898c   Section        0  stm32h7xx_hal_uart.o(i.UART_AdvFeatureConfig)
    i.UART_CheckIdleState                    0x08008bb4   Section        0  stm32h7xx_hal_uart.o(i.UART_CheckIdleState)
    i.UART_DMAAbortOnError                   0x08008c1c   Section        0  stm32h7xx_hal_uart.o(i.UART_DMAAbortOnError)
    UART_DMAAbortOnError                     0x08008c1d   Thumb Code    20  stm32h7xx_hal_uart.o(i.UART_DMAAbortOnError)
    i.UART_EndRxTransfer                     0x08008c30   Section        0  stm32h7xx_hal_uart.o(i.UART_EndRxTransfer)
    UART_EndRxTransfer                       0x08008c31   Thumb Code    54  stm32h7xx_hal_uart.o(i.UART_EndRxTransfer)
    i.UART_EndTransmit_IT                    0x08008c66   Section        0  stm32h7xx_hal_uart.o(i.UART_EndTransmit_IT)
    UART_EndTransmit_IT                      0x08008c67   Thumb Code    28  stm32h7xx_hal_uart.o(i.UART_EndTransmit_IT)
    i.UART_RxISR_16BIT                       0x08008c82   Section        0  stm32h7xx_hal_uart.o(i.UART_RxISR_16BIT)
    UART_RxISR_16BIT                         0x08008c83   Thumb Code   128  stm32h7xx_hal_uart.o(i.UART_RxISR_16BIT)
    i.UART_RxISR_16BIT_FIFOEN                0x08008d04   Section        0  stm32h7xx_hal_uart.o(i.UART_RxISR_16BIT_FIFOEN)
    UART_RxISR_16BIT_FIFOEN                  0x08008d05   Thumb Code   324  stm32h7xx_hal_uart.o(i.UART_RxISR_16BIT_FIFOEN)
    i.UART_RxISR_8BIT                        0x08008e4c   Section        0  stm32h7xx_hal_uart.o(i.UART_RxISR_8BIT)
    UART_RxISR_8BIT                          0x08008e4d   Thumb Code   128  stm32h7xx_hal_uart.o(i.UART_RxISR_8BIT)
    i.UART_RxISR_8BIT_FIFOEN                 0x08008ecc   Section        0  stm32h7xx_hal_uart.o(i.UART_RxISR_8BIT_FIFOEN)
    UART_RxISR_8BIT_FIFOEN                   0x08008ecd   Thumb Code   324  stm32h7xx_hal_uart.o(i.UART_RxISR_8BIT_FIFOEN)
    i.UART_SetConfig                         0x08009014   Section        0  stm32h7xx_hal_uart.o(i.UART_SetConfig)
    i.UART_Start_Receive_IT                  0x08009618   Section        0  stm32h7xx_hal_uart.o(i.UART_Start_Receive_IT)
    i.UART_WaitOnFlagUntilTimeout            0x08009710   Section        0  stm32h7xx_hal_uart.o(i.UART_WaitOnFlagUntilTimeout)
    i.USART1_IRQHandler                      0x080097d4   Section        0  stm32h7xx_it.o(i.USART1_IRQHandler)
    i.USART2_IRQHandler                      0x080097e0   Section        0  stm32h7xx_it.o(i.USART2_IRQHandler)
    i.UsageFault_Handler                     0x080097ec   Section        0  stm32h7xx_it.o(i.UsageFault_Handler)
    i.__ARM_fpclassify                       0x080097ee   Section        0  fpclassify.o(i.__ARM_fpclassify)
    i.__hardfp_acos                          0x08009820   Section        0  acos.o(i.__hardfp_acos)
    i.__kernel_poly                          0x08009a38   Section        0  poly.o(i.__kernel_poly)
    i.__mathlib_dbl_infnan                   0x08009aa8   Section        0  dunder.o(i.__mathlib_dbl_infnan)
    i.__mathlib_dbl_invalid                  0x08009ab0   Section        0  dunder.o(i.__mathlib_dbl_invalid)
    i._is_digit                              0x08009ac8   Section        0  __printf_wp.o(i._is_digit)
    i.assert_failed                          0x08009ad6   Section        0  main.o(i.assert_failed)
    i.fputc                                  0x08009ad8   Section        0  bsp_usart.o(i.fputc)
    i.main                                   0x08009af0   Section        0  main.o(i.main)
    i.sqrt                                   0x08009fc8   Section        0  sqrt.o(i.sqrt)
    locale$$code                             0x0800a034   Section       44  lc_numeric_c.o(locale$$code)
    x$fpl$fpinit                             0x0800a060   Section       10  fpinit.o(x$fpl$fpinit)
    $v0                                      0x0800a060   Number         0  fpinit.o(x$fpl$fpinit)
    x$fpl$printf1                            0x0800a06a   Section        4  printf1.o(x$fpl$printf1)
    $v0                                      0x0800a06a   Number         0  printf1.o(x$fpl$printf1)
    .constdata                               0x0800a06e   Section    19380  tftlcd.o(.constdata)
    x$fpl$usenofp                            0x0800a06e   Section        0  usenofp.o(x$fpl$usenofp)
    .constdata                               0x0800ec22   Section       24  stm32h7xx_hal_uart.o(.constdata)
    .constdata                               0x0800ec3a   Section       16  stm32h7xx_hal_uart_ex.o(.constdata)
    numerator                                0x0800ec3a   Data           8  stm32h7xx_hal_uart_ex.o(.constdata)
    denominator                              0x0800ec42   Data           8  stm32h7xx_hal_uart_ex.o(.constdata)
    .constdata                               0x0800ec4a   Section       16  system_stm32h7xx.o(.constdata)
    .constdata                               0x0800ec5a   Section       40  _printf_hex_int.o(.constdata)
    uc_hextab                                0x0800ec5a   Data          20  _printf_hex_int.o(.constdata)
    lc_hextab                                0x0800ec6e   Data          20  _printf_hex_int.o(.constdata)
    .constdata                               0x0800ec82   Section       17  __printf_flags_wp.o(.constdata)
    maptable                                 0x0800ec82   Data          17  __printf_flags_wp.o(.constdata)
    .constdata                               0x0800ec98   Section       80  acos.o(.constdata)
    pS                                       0x0800ec98   Data          48  acos.o(.constdata)
    qS                                       0x0800ecc8   Data          32  acos.o(.constdata)
    .constdata                               0x0800ece8   Section      148  bigflt0.o(.constdata)
    tenpwrs_x                                0x0800ece8   Data          60  bigflt0.o(.constdata)
    tenpwrs_i                                0x0800ed24   Data          64  bigflt0.o(.constdata)
    locale$$data                             0x0800ed9c   Section       28  lc_numeric_c.o(locale$$data)
    __lcnum_c_name                           0x0800eda0   Data           2  lc_numeric_c.o(locale$$data)
    __lcnum_c_start                          0x0800eda8   Data           0  lc_numeric_c.o(locale$$data)
    __lcnum_c_point                          0x0800edb4   Data           0  lc_numeric_c.o(locale$$data)
    __lcnum_c_thousands                      0x0800edb6   Data           0  lc_numeric_c.o(locale$$data)
    __lcnum_c_grouping                       0x0800edb7   Data           0  lc_numeric_c.o(locale$$data)
    __lcnum_c_end                            0x0800edb8   Data           0  lc_numeric_c.o(locale$$data)
    .data                                    0x24000000   Section       26  main.o(.data)
    .data                                    0x2400001c   Section        4  bsp_usart.o(.data)
    .data                                    0x24000020   Section        4  tftlcd.o(.data)
    .data                                    0x24000024   Section       12  stm32h7xx_hal.o(.data)
    .data                                    0x24000030   Section        8  system_stm32h7xx.o(.data)
    .bss                                     0x24000038   Section       50  main.o(.bss)
    .bss                                     0x2400006c   Section       76  i2c.o(.bss)
    .bss                                     0x240000b8   Section      136  spi.o(.bss)
    .bss                                     0x24000140   Section       76  tim.o(.bss)
    .bss                                     0x2400018c   Section      288  usart.o(.bss)
    .bss                                     0x240002ac   Section     1152  tftlcd.o(.bss)
    lcd_buf                                  0x240002ac   Data        1152  tftlcd.o(.bss)
    .bss                                     0x2400072c   Section       96  libspace.o(.bss)
    HEAP                                     0x24000790   Section     2048  startup_stm32h750xx.o(HEAP)
    Heap_Mem                                 0x24000790   Data        2048  startup_stm32h750xx.o(HEAP)
    STACK                                    0x24000f90   Section     2048  startup_stm32h750xx.o(STACK)
    Stack_Mem                                0x24000f90   Data        2048  startup_stm32h750xx.o(STACK)
    __initial_sp                             0x24001790   Data           0  startup_stm32h750xx.o(STACK)

    Global Symbols

    Symbol Name                              Value     Ov Type        Size  Object(Section)

    BuildAttributes$$THM_ISAv4$E$P$D$K$B$S$7EM$VFPv5_D16$PE$PLD8$A:L22UL41UL21$X:L11$S22US41US21$IEEE1$IW$USESV6$~STKCKD$USESV7$~SHL$OTIME$ROPI$IEEEX$EBA8$UX$STANDARDLIB$REQ8$PRES8$EABIv2 0x00000000   Number         0  anon$$obj.o ABSOLUTE
    __ARM_use_no_argv                        0x00000000   Number         0  main.o ABSOLUTE
    _printf_flags                            0x00000000   Number         0  printf_stubs.o ABSOLUTE
    _printf_return_value                     0x00000000   Number         0  printf_stubs.o ABSOLUTE
    _printf_sizespec                         0x00000000   Number         0  printf_stubs.o ABSOLUTE
    _printf_widthprec                        0x00000000   Number         0  printf_stubs.o ABSOLUTE
    __ARM_exceptions_init                     - Undefined Weak Reference
    __alloca_initialize                       - Undefined Weak Reference
    __arm_preinit_                            - Undefined Weak Reference
    __cpp_initialize__aeabi_                  - Undefined Weak Reference
    __cxa_finalize                            - Undefined Weak Reference
    __sigvec_lookup                           - Undefined Weak Reference
    _atexit_init                              - Undefined Weak Reference
    _call_atexit_fns                          - Undefined Weak Reference
    _clock_init                               - Undefined Weak Reference
    _fp_trap_init                             - Undefined Weak Reference
    _fp_trap_shutdown                         - Undefined Weak Reference
    _get_lc_collate                           - Undefined Weak Reference
    _get_lc_ctype                             - Undefined Weak Reference
    _get_lc_monetary                          - Undefined Weak Reference
    _get_lc_time                              - Undefined Weak Reference
    _getenv_init                              - Undefined Weak Reference
    _handle_redirection                       - Undefined Weak Reference
    _init_alloc                               - Undefined Weak Reference
    _init_user_alloc                          - Undefined Weak Reference
    _initio                                   - Undefined Weak Reference
    _mutex_acquire                            - Undefined Weak Reference
    _mutex_release                            - Undefined Weak Reference
    _printf_mbtowc                            - Undefined Weak Reference
    _printf_truncate_signed                   - Undefined Weak Reference
    _printf_truncate_unsigned                 - Undefined Weak Reference
    _rand_init                                - Undefined Weak Reference
    _signal_finish                            - Undefined Weak Reference
    _signal_init                              - Undefined Weak Reference
    _terminate_alloc                          - Undefined Weak Reference
    _terminate_user_alloc                     - Undefined Weak Reference
    _terminateio                              - Undefined Weak Reference
    __Vectors_Size                           0x00000298   Number         0  startup_stm32h750xx.o ABSOLUTE
    __Vectors                                0x08000000   Data           4  startup_stm32h750xx.o(RESET)
    __Vectors_End                            0x08000298   Data           0  startup_stm32h750xx.o(RESET)
    __main                                   0x08000299   Thumb Code     8  __main.o(!!!main)
    __scatterload                            0x080002a1   Thumb Code     0  __scatter.o(!!!scatter)
    __scatterload_rt2                        0x080002a1   Thumb Code    44  __scatter.o(!!!scatter)
    __scatterload_rt2_thumb_only             0x080002a1   Thumb Code     0  __scatter.o(!!!scatter)
    __scatterload_null                       0x080002af   Thumb Code     0  __scatter.o(!!!scatter)
    __scatterload_copy                       0x080002d5   Thumb Code    26  __scatter_copy.o(!!handler_copy)
    __scatterload_zeroinit                   0x080002f1   Thumb Code    28  __scatter_zi.o(!!handler_zi)
    _printf_f                                0x0800030d   Thumb Code     0  _printf_f.o(.ARM.Collect$$_printf_percent$$00000003)
    _printf_percent                          0x0800030d   Thumb Code     0  _printf_percent.o(.ARM.Collect$$_printf_percent$$00000000)
    _printf_d                                0x08000313   Thumb Code     0  _printf_d.o(.ARM.Collect$$_printf_percent$$00000009)
    _printf_x                                0x08000319   Thumb Code     0  _printf_x.o(.ARM.Collect$$_printf_percent$$0000000C)
    _printf_s                                0x0800031f   Thumb Code     0  _printf_s.o(.ARM.Collect$$_printf_percent$$00000014)
    _printf_percent_end                      0x08000325   Thumb Code     0  _printf_percent_end.o(.ARM.Collect$$_printf_percent$$00000017)
    __rt_lib_init                            0x08000329   Thumb Code     0  libinit.o(.ARM.Collect$$libinit$$00000000)
    __rt_lib_init_fp_1                       0x0800032b   Thumb Code     0  libinit2.o(.ARM.Collect$$libinit$$00000001)
    __rt_lib_init_heap_1                     0x0800032f   Thumb Code     0  libinit2.o(.ARM.Collect$$libinit$$0000000A)
    __rt_lib_init_lc_common                  0x0800032f   Thumb Code     0  libinit2.o(.ARM.Collect$$libinit$$0000000F)
    __rt_lib_init_preinit_1                  0x0800032f   Thumb Code     0  libinit2.o(.ARM.Collect$$libinit$$00000004)
    __rt_lib_init_rand_1                     0x0800032f   Thumb Code     0  libinit2.o(.ARM.Collect$$libinit$$0000000E)
    __rt_lib_init_user_alloc_1               0x0800032f   Thumb Code     0  libinit2.o(.ARM.Collect$$libinit$$0000000C)
    __rt_lib_init_lc_collate_1               0x08000335   Thumb Code     0  libinit2.o(.ARM.Collect$$libinit$$00000011)
    __rt_lib_init_lc_ctype_1                 0x08000335   Thumb Code     0  libinit2.o(.ARM.Collect$$libinit$$00000013)
    __rt_lib_init_lc_monetary_1              0x08000335   Thumb Code     0  libinit2.o(.ARM.Collect$$libinit$$00000015)
    __rt_lib_init_lc_numeric_2               0x08000335   Thumb Code     0  libinit2.o(.ARM.Collect$$libinit$$00000016)
    __rt_lib_init_alloca_1                   0x0800033f   Thumb Code     0  libinit2.o(.ARM.Collect$$libinit$$0000002E)
    __rt_lib_init_argv_1                     0x0800033f   Thumb Code     0  libinit2.o(.ARM.Collect$$libinit$$0000002C)
    __rt_lib_init_atexit_1                   0x0800033f   Thumb Code     0  libinit2.o(.ARM.Collect$$libinit$$0000001B)
    __rt_lib_init_clock_1                    0x0800033f   Thumb Code     0  libinit2.o(.ARM.Collect$$libinit$$00000021)
    __rt_lib_init_cpp_1                      0x0800033f   Thumb Code     0  libinit2.o(.ARM.Collect$$libinit$$00000032)
    __rt_lib_init_exceptions_1               0x0800033f   Thumb Code     0  libinit2.o(.ARM.Collect$$libinit$$00000030)
    __rt_lib_init_fp_trap_1                  0x0800033f   Thumb Code     0  libinit2.o(.ARM.Collect$$libinit$$0000001F)
    __rt_lib_init_getenv_1                   0x0800033f   Thumb Code     0  libinit2.o(.ARM.Collect$$libinit$$00000023)
    __rt_lib_init_lc_numeric_1               0x0800033f   Thumb Code     0  libinit2.o(.ARM.Collect$$libinit$$00000017)
    __rt_lib_init_lc_time_1                  0x0800033f   Thumb Code     0  libinit2.o(.ARM.Collect$$libinit$$00000019)
    __rt_lib_init_return                     0x0800033f   Thumb Code     0  libinit2.o(.ARM.Collect$$libinit$$00000033)
    __rt_lib_init_signal_1                   0x0800033f   Thumb Code     0  libinit2.o(.ARM.Collect$$libinit$$0000001D)
    __rt_lib_init_stdio_1                    0x0800033f   Thumb Code     0  libinit2.o(.ARM.Collect$$libinit$$00000025)
    __rt_lib_shutdown                        0x08000341   Thumb Code     0  libshutdown.o(.ARM.Collect$$libshutdown$$00000000)
    __rt_lib_shutdown_cpp_1                  0x08000343   Thumb Code     0  libshutdown2.o(.ARM.Collect$$libshutdown$$00000002)
    __rt_lib_shutdown_fp_trap_1              0x08000343   Thumb Code     0  libshutdown2.o(.ARM.Collect$$libshutdown$$00000007)
    __rt_lib_shutdown_heap_1                 0x08000343   Thumb Code     0  libshutdown2.o(.ARM.Collect$$libshutdown$$0000000F)
    __rt_lib_shutdown_return                 0x08000343   Thumb Code     0  libshutdown2.o(.ARM.Collect$$libshutdown$$00000010)
    __rt_lib_shutdown_signal_1               0x08000343   Thumb Code     0  libshutdown2.o(.ARM.Collect$$libshutdown$$0000000A)
    __rt_lib_shutdown_stdio_1                0x08000343   Thumb Code     0  libshutdown2.o(.ARM.Collect$$libshutdown$$00000004)
    __rt_lib_shutdown_user_alloc_1           0x08000343   Thumb Code     0  libshutdown2.o(.ARM.Collect$$libshutdown$$0000000C)
    __rt_entry                               0x08000345   Thumb Code     0  __rtentry.o(.ARM.Collect$$rtentry$$00000000)
    __rt_entry_presh_1                       0x08000345   Thumb Code     0  __rtentry2.o(.ARM.Collect$$rtentry$$00000002)
    __rt_entry_sh                            0x08000345   Thumb Code     0  __rtentry4.o(.ARM.Collect$$rtentry$$00000004)
    __rt_entry_li                            0x0800034b   Thumb Code     0  __rtentry2.o(.ARM.Collect$$rtentry$$0000000A)
    __rt_entry_postsh_1                      0x0800034b   Thumb Code     0  __rtentry2.o(.ARM.Collect$$rtentry$$00000009)
    __rt_entry_main                          0x0800034f   Thumb Code     0  __rtentry2.o(.ARM.Collect$$rtentry$$0000000D)
    __rt_entry_postli_1                      0x0800034f   Thumb Code     0  __rtentry2.o(.ARM.Collect$$rtentry$$0000000C)
    __rt_exit                                0x08000357   Thumb Code     0  rtexit.o(.ARM.Collect$$rtexit$$00000000)
    __rt_exit_ls                             0x08000359   Thumb Code     0  rtexit2.o(.ARM.Collect$$rtexit$$00000003)
    __rt_exit_prels_1                        0x08000359   Thumb Code     0  rtexit2.o(.ARM.Collect$$rtexit$$00000002)
    __rt_exit_exit                           0x0800035d   Thumb Code     0  rtexit2.o(.ARM.Collect$$rtexit$$00000004)
    Reset_Handler                            0x08000365   Thumb Code     8  startup_stm32h750xx.o(.text)
    ADC3_IRQHandler                          0x0800037f   Thumb Code     0  startup_stm32h750xx.o(.text)
    ADC_IRQHandler                           0x0800037f   Thumb Code     0  startup_stm32h750xx.o(.text)
    BDMA_Channel0_IRQHandler                 0x0800037f   Thumb Code     0  startup_stm32h750xx.o(.text)
    BDMA_Channel1_IRQHandler                 0x0800037f   Thumb Code     0  startup_stm32h750xx.o(.text)
    BDMA_Channel2_IRQHandler                 0x0800037f   Thumb Code     0  startup_stm32h750xx.o(.text)
    BDMA_Channel3_IRQHandler                 0x0800037f   Thumb Code     0  startup_stm32h750xx.o(.text)
    BDMA_Channel4_IRQHandler                 0x0800037f   Thumb Code     0  startup_stm32h750xx.o(.text)
    BDMA_Channel5_IRQHandler                 0x0800037f   Thumb Code     0  startup_stm32h750xx.o(.text)
    BDMA_Channel6_IRQHandler                 0x0800037f   Thumb Code     0  startup_stm32h750xx.o(.text)
    BDMA_Channel7_IRQHandler                 0x0800037f   Thumb Code     0  startup_stm32h750xx.o(.text)
    CEC_IRQHandler                           0x0800037f   Thumb Code     0  startup_stm32h750xx.o(.text)
    COMP1_IRQHandler                         0x0800037f   Thumb Code     0  startup_stm32h750xx.o(.text)
    CRS_IRQHandler                           0x0800037f   Thumb Code     0  startup_stm32h750xx.o(.text)
    CRYP_IRQHandler                          0x0800037f   Thumb Code     0  startup_stm32h750xx.o(.text)
    DCMI_IRQHandler                          0x0800037f   Thumb Code     0  startup_stm32h750xx.o(.text)
    DFSDM1_FLT0_IRQHandler                   0x0800037f   Thumb Code     0  startup_stm32h750xx.o(.text)
    DFSDM1_FLT1_IRQHandler                   0x0800037f   Thumb Code     0  startup_stm32h750xx.o(.text)
    DFSDM1_FLT2_IRQHandler                   0x0800037f   Thumb Code     0  startup_stm32h750xx.o(.text)
    DFSDM1_FLT3_IRQHandler                   0x0800037f   Thumb Code     0  startup_stm32h750xx.o(.text)
    DMA1_Stream0_IRQHandler                  0x0800037f   Thumb Code     0  startup_stm32h750xx.o(.text)
    DMA1_Stream1_IRQHandler                  0x0800037f   Thumb Code     0  startup_stm32h750xx.o(.text)
    DMA1_Stream2_IRQHandler                  0x0800037f   Thumb Code     0  startup_stm32h750xx.o(.text)
    DMA1_Stream3_IRQHandler                  0x0800037f   Thumb Code     0  startup_stm32h750xx.o(.text)
    DMA1_Stream4_IRQHandler                  0x0800037f   Thumb Code     0  startup_stm32h750xx.o(.text)
    DMA1_Stream5_IRQHandler                  0x0800037f   Thumb Code     0  startup_stm32h750xx.o(.text)
    DMA1_Stream6_IRQHandler                  0x0800037f   Thumb Code     0  startup_stm32h750xx.o(.text)
    DMA1_Stream7_IRQHandler                  0x0800037f   Thumb Code     0  startup_stm32h750xx.o(.text)
    DMA2D_IRQHandler                         0x0800037f   Thumb Code     0  startup_stm32h750xx.o(.text)
    DMA2_Stream0_IRQHandler                  0x0800037f   Thumb Code     0  startup_stm32h750xx.o(.text)
    DMA2_Stream1_IRQHandler                  0x0800037f   Thumb Code     0  startup_stm32h750xx.o(.text)
    DMA2_Stream2_IRQHandler                  0x0800037f   Thumb Code     0  startup_stm32h750xx.o(.text)
    DMA2_Stream3_IRQHandler                  0x0800037f   Thumb Code     0  startup_stm32h750xx.o(.text)
    DMA2_Stream4_IRQHandler                  0x0800037f   Thumb Code     0  startup_stm32h750xx.o(.text)
    DMA2_Stream5_IRQHandler                  0x0800037f   Thumb Code     0  startup_stm32h750xx.o(.text)
    DMA2_Stream6_IRQHandler                  0x0800037f   Thumb Code     0  startup_stm32h750xx.o(.text)
    DMA2_Stream7_IRQHandler                  0x0800037f   Thumb Code     0  startup_stm32h750xx.o(.text)
    DMAMUX1_OVR_IRQHandler                   0x0800037f   Thumb Code     0  startup_stm32h750xx.o(.text)
    DMAMUX2_OVR_IRQHandler                   0x0800037f   Thumb Code     0  startup_stm32h750xx.o(.text)
    ECC_IRQHandler                           0x0800037f   Thumb Code     0  startup_stm32h750xx.o(.text)
    ETH_IRQHandler                           0x0800037f   Thumb Code     0  startup_stm32h750xx.o(.text)
    ETH_WKUP_IRQHandler                      0x0800037f   Thumb Code     0  startup_stm32h750xx.o(.text)
    EXTI0_IRQHandler                         0x0800037f   Thumb Code     0  startup_stm32h750xx.o(.text)
    EXTI15_10_IRQHandler                     0x0800037f   Thumb Code     0  startup_stm32h750xx.o(.text)
    EXTI1_IRQHandler                         0x0800037f   Thumb Code     0  startup_stm32h750xx.o(.text)
    EXTI2_IRQHandler                         0x0800037f   Thumb Code     0  startup_stm32h750xx.o(.text)
    EXTI3_IRQHandler                         0x0800037f   Thumb Code     0  startup_stm32h750xx.o(.text)
    EXTI4_IRQHandler                         0x0800037f   Thumb Code     0  startup_stm32h750xx.o(.text)
    EXTI9_5_IRQHandler                       0x0800037f   Thumb Code     0  startup_stm32h750xx.o(.text)
    FDCAN1_IT0_IRQHandler                    0x0800037f   Thumb Code     0  startup_stm32h750xx.o(.text)
    FDCAN1_IT1_IRQHandler                    0x0800037f   Thumb Code     0  startup_stm32h750xx.o(.text)
    FDCAN2_IT0_IRQHandler                    0x0800037f   Thumb Code     0  startup_stm32h750xx.o(.text)
    FDCAN2_IT1_IRQHandler                    0x0800037f   Thumb Code     0  startup_stm32h750xx.o(.text)
    FDCAN_CAL_IRQHandler                     0x0800037f   Thumb Code     0  startup_stm32h750xx.o(.text)
    FLASH_IRQHandler                         0x0800037f   Thumb Code     0  startup_stm32h750xx.o(.text)
    FMC_IRQHandler                           0x0800037f   Thumb Code     0  startup_stm32h750xx.o(.text)
    FPU_IRQHandler                           0x0800037f   Thumb Code     0  startup_stm32h750xx.o(.text)
    HASH_RNG_IRQHandler                      0x0800037f   Thumb Code     0  startup_stm32h750xx.o(.text)
    HRTIM1_FLT_IRQHandler                    0x0800037f   Thumb Code     0  startup_stm32h750xx.o(.text)
    HRTIM1_Master_IRQHandler                 0x0800037f   Thumb Code     0  startup_stm32h750xx.o(.text)
    HRTIM1_TIMA_IRQHandler                   0x0800037f   Thumb Code     0  startup_stm32h750xx.o(.text)
    HRTIM1_TIMB_IRQHandler                   0x0800037f   Thumb Code     0  startup_stm32h750xx.o(.text)
    HRTIM1_TIMC_IRQHandler                   0x0800037f   Thumb Code     0  startup_stm32h750xx.o(.text)
    HRTIM1_TIMD_IRQHandler                   0x0800037f   Thumb Code     0  startup_stm32h750xx.o(.text)
    HRTIM1_TIME_IRQHandler                   0x0800037f   Thumb Code     0  startup_stm32h750xx.o(.text)
    HSEM1_IRQHandler                         0x0800037f   Thumb Code     0  startup_stm32h750xx.o(.text)
    I2C1_ER_IRQHandler                       0x0800037f   Thumb Code     0  startup_stm32h750xx.o(.text)
    I2C1_EV_IRQHandler                       0x0800037f   Thumb Code     0  startup_stm32h750xx.o(.text)
    I2C2_ER_IRQHandler                       0x0800037f   Thumb Code     0  startup_stm32h750xx.o(.text)
    I2C2_EV_IRQHandler                       0x0800037f   Thumb Code     0  startup_stm32h750xx.o(.text)
    I2C3_ER_IRQHandler                       0x0800037f   Thumb Code     0  startup_stm32h750xx.o(.text)
    I2C3_EV_IRQHandler                       0x0800037f   Thumb Code     0  startup_stm32h750xx.o(.text)
    I2C4_ER_IRQHandler                       0x0800037f   Thumb Code     0  startup_stm32h750xx.o(.text)
    I2C4_EV_IRQHandler                       0x0800037f   Thumb Code     0  startup_stm32h750xx.o(.text)
    JPEG_IRQHandler                          0x0800037f   Thumb Code     0  startup_stm32h750xx.o(.text)
    LPTIM1_IRQHandler                        0x0800037f   Thumb Code     0  startup_stm32h750xx.o(.text)
    LPTIM2_IRQHandler                        0x0800037f   Thumb Code     0  startup_stm32h750xx.o(.text)
    LPTIM3_IRQHandler                        0x0800037f   Thumb Code     0  startup_stm32h750xx.o(.text)
    LPTIM4_IRQHandler                        0x0800037f   Thumb Code     0  startup_stm32h750xx.o(.text)
    LPTIM5_IRQHandler                        0x0800037f   Thumb Code     0  startup_stm32h750xx.o(.text)
    LPUART1_IRQHandler                       0x0800037f   Thumb Code     0  startup_stm32h750xx.o(.text)
    LTDC_ER_IRQHandler                       0x0800037f   Thumb Code     0  startup_stm32h750xx.o(.text)
    LTDC_IRQHandler                          0x0800037f   Thumb Code     0  startup_stm32h750xx.o(.text)
    MDIOS_IRQHandler                         0x0800037f   Thumb Code     0  startup_stm32h750xx.o(.text)
    MDIOS_WKUP_IRQHandler                    0x0800037f   Thumb Code     0  startup_stm32h750xx.o(.text)
    MDMA_IRQHandler                          0x0800037f   Thumb Code     0  startup_stm32h750xx.o(.text)
    OTG_FS_EP1_IN_IRQHandler                 0x0800037f   Thumb Code     0  startup_stm32h750xx.o(.text)
    OTG_FS_EP1_OUT_IRQHandler                0x0800037f   Thumb Code     0  startup_stm32h750xx.o(.text)
    OTG_FS_IRQHandler                        0x0800037f   Thumb Code     0  startup_stm32h750xx.o(.text)
    OTG_FS_WKUP_IRQHandler                   0x0800037f   Thumb Code     0  startup_stm32h750xx.o(.text)
    OTG_HS_EP1_IN_IRQHandler                 0x0800037f   Thumb Code     0  startup_stm32h750xx.o(.text)
    OTG_HS_EP1_OUT_IRQHandler                0x0800037f   Thumb Code     0  startup_stm32h750xx.o(.text)
    OTG_HS_IRQHandler                        0x0800037f   Thumb Code     0  startup_stm32h750xx.o(.text)
    OTG_HS_WKUP_IRQHandler                   0x0800037f   Thumb Code     0  startup_stm32h750xx.o(.text)
    PVD_AVD_IRQHandler                       0x0800037f   Thumb Code     0  startup_stm32h750xx.o(.text)
    QUADSPI_IRQHandler                       0x0800037f   Thumb Code     0  startup_stm32h750xx.o(.text)
    RCC_IRQHandler                           0x0800037f   Thumb Code     0  startup_stm32h750xx.o(.text)
    RTC_Alarm_IRQHandler                     0x0800037f   Thumb Code     0  startup_stm32h750xx.o(.text)
    RTC_WKUP_IRQHandler                      0x0800037f   Thumb Code     0  startup_stm32h750xx.o(.text)
    SAI1_IRQHandler                          0x0800037f   Thumb Code     0  startup_stm32h750xx.o(.text)
    SAI2_IRQHandler                          0x0800037f   Thumb Code     0  startup_stm32h750xx.o(.text)
    SAI3_IRQHandler                          0x0800037f   Thumb Code     0  startup_stm32h750xx.o(.text)
    SAI4_IRQHandler                          0x0800037f   Thumb Code     0  startup_stm32h750xx.o(.text)
    SDMMC1_IRQHandler                        0x0800037f   Thumb Code     0  startup_stm32h750xx.o(.text)
    SDMMC2_IRQHandler                        0x0800037f   Thumb Code     0  startup_stm32h750xx.o(.text)
    SPDIF_RX_IRQHandler                      0x0800037f   Thumb Code     0  startup_stm32h750xx.o(.text)
    SPI1_IRQHandler                          0x0800037f   Thumb Code     0  startup_stm32h750xx.o(.text)
    SPI2_IRQHandler                          0x0800037f   Thumb Code     0  startup_stm32h750xx.o(.text)
    SPI3_IRQHandler                          0x0800037f   Thumb Code     0  startup_stm32h750xx.o(.text)
    SPI4_IRQHandler                          0x0800037f   Thumb Code     0  startup_stm32h750xx.o(.text)
    SPI5_IRQHandler                          0x0800037f   Thumb Code     0  startup_stm32h750xx.o(.text)
    SPI6_IRQHandler                          0x0800037f   Thumb Code     0  startup_stm32h750xx.o(.text)
    SWPMI1_IRQHandler                        0x0800037f   Thumb Code     0  startup_stm32h750xx.o(.text)
    TAMP_STAMP_IRQHandler                    0x0800037f   Thumb Code     0  startup_stm32h750xx.o(.text)
    TIM15_IRQHandler                         0x0800037f   Thumb Code     0  startup_stm32h750xx.o(.text)
    TIM16_IRQHandler                         0x0800037f   Thumb Code     0  startup_stm32h750xx.o(.text)
    TIM17_IRQHandler                         0x0800037f   Thumb Code     0  startup_stm32h750xx.o(.text)
    TIM1_BRK_IRQHandler                      0x0800037f   Thumb Code     0  startup_stm32h750xx.o(.text)
    TIM1_CC_IRQHandler                       0x0800037f   Thumb Code     0  startup_stm32h750xx.o(.text)
    TIM1_TRG_COM_IRQHandler                  0x0800037f   Thumb Code     0  startup_stm32h750xx.o(.text)
    TIM1_UP_IRQHandler                       0x0800037f   Thumb Code     0  startup_stm32h750xx.o(.text)
    TIM2_IRQHandler                          0x0800037f   Thumb Code     0  startup_stm32h750xx.o(.text)
    TIM3_IRQHandler                          0x0800037f   Thumb Code     0  startup_stm32h750xx.o(.text)
    TIM4_IRQHandler                          0x0800037f   Thumb Code     0  startup_stm32h750xx.o(.text)
    TIM5_IRQHandler                          0x0800037f   Thumb Code     0  startup_stm32h750xx.o(.text)
    TIM6_DAC_IRQHandler                      0x0800037f   Thumb Code     0  startup_stm32h750xx.o(.text)
    TIM7_IRQHandler                          0x0800037f   Thumb Code     0  startup_stm32h750xx.o(.text)
    TIM8_BRK_TIM12_IRQHandler                0x0800037f   Thumb Code     0  startup_stm32h750xx.o(.text)
    TIM8_CC_IRQHandler                       0x0800037f   Thumb Code     0  startup_stm32h750xx.o(.text)
    TIM8_TRG_COM_TIM14_IRQHandler            0x0800037f   Thumb Code     0  startup_stm32h750xx.o(.text)
    TIM8_UP_TIM13_IRQHandler                 0x0800037f   Thumb Code     0  startup_stm32h750xx.o(.text)
    UART4_IRQHandler                         0x0800037f   Thumb Code     0  startup_stm32h750xx.o(.text)
    UART5_IRQHandler                         0x0800037f   Thumb Code     0  startup_stm32h750xx.o(.text)
    UART7_IRQHandler                         0x0800037f   Thumb Code     0  startup_stm32h750xx.o(.text)
    UART8_IRQHandler                         0x0800037f   Thumb Code     0  startup_stm32h750xx.o(.text)
    USART3_IRQHandler                        0x0800037f   Thumb Code     0  startup_stm32h750xx.o(.text)
    USART6_IRQHandler                        0x0800037f   Thumb Code     0  startup_stm32h750xx.o(.text)
    WAKEUP_PIN_IRQHandler                    0x0800037f   Thumb Code     0  startup_stm32h750xx.o(.text)
    WWDG_IRQHandler                          0x0800037f   Thumb Code     0  startup_stm32h750xx.o(.text)
    __user_initial_stackheap                 0x08000381   Thumb Code     0  startup_stm32h750xx.o(.text)
    __aeabi_uldivmod                         0x080003a5   Thumb Code     0  lludivv7m.o(.text)
    _ll_udiv                                 0x080003a5   Thumb Code   238  lludivv7m.o(.text)
    __2printf                                0x08000495   Thumb Code    20  noretval__2printf.o(.text)
    __2sprintf                               0x080004ad   Thumb Code    34  noretval__2sprintf.o(.text)
    _printf_pre_padding                      0x080004d5   Thumb Code    44  _printf_pad.o(.text)
    _printf_post_padding                     0x08000501   Thumb Code    34  _printf_pad.o(.text)
    _printf_str                              0x08000523   Thumb Code    82  _printf_str.o(.text)
    _printf_int_dec                          0x08000575   Thumb Code   104  _printf_dec.o(.text)
    _printf_int_hex                          0x080005ed   Thumb Code    84  _printf_hex_int.o(.text)
    _printf_longlong_hex                     0x080005ed   Thumb Code     0  _printf_hex_int.o(.text)
    __printf                                 0x08000645   Thumb Code   308  __printf_flags_wp.o(.text)
    __aeabi_memclr4                          0x0800077d   Thumb Code     0  rt_memclr_w.o(.text)
    __aeabi_memclr8                          0x0800077d   Thumb Code     0  rt_memclr_w.o(.text)
    __rt_memclr_w                            0x0800077d   Thumb Code    78  rt_memclr_w.o(.text)
    _memset_w                                0x08000781   Thumb Code     0  rt_memclr_w.o(.text)
    __use_two_region_memory                  0x080007cb   Thumb Code     2  heapauxi.o(.text)
    __rt_heap_escrow$2region                 0x080007cd   Thumb Code     2  heapauxi.o(.text)
    __rt_heap_expand$2region                 0x080007cf   Thumb Code     2  heapauxi.o(.text)
    __read_errno                             0x080007d1   Thumb Code    10  _rserrno.o(.text)
    __set_errno                              0x080007db   Thumb Code    12  _rserrno.o(.text)
    _printf_int_common                       0x080007e7   Thumb Code   178  _printf_intcommon.o(.text)
    __lib_sel_fp_printf                      0x08000899   Thumb Code     2  _printf_fp_dec.o(.text)
    _printf_fp_dec_real                      0x08000a47   Thumb Code   620  _printf_fp_dec.o(.text)
    _printf_char_common                      0x08000cbf   Thumb Code    32  _printf_char_common.o(.text)
    _sputc                                   0x08000ce5   Thumb Code    10  _sputc.o(.text)
    _printf_cs_common                        0x08000cef   Thumb Code    20  _printf_char.o(.text)
    _printf_char                             0x08000d03   Thumb Code    16  _printf_char.o(.text)
    _printf_string                           0x08000d13   Thumb Code     8  _printf_char.o(.text)
    _printf_char_file                        0x08000d1d   Thumb Code    32  _printf_char_file.o(.text)
    __rt_locale                              0x08000d41   Thumb Code     8  rt_locale_intlibspace.o(.text)
    __aeabi_errno_addr                       0x08000d49   Thumb Code     8  rt_errno_addr_intlibspace.o(.text)
    __errno$intlibspace                      0x08000d49   Thumb Code     0  rt_errno_addr_intlibspace.o(.text)
    __rt_errno_addr$intlibspace              0x08000d49   Thumb Code     0  rt_errno_addr_intlibspace.o(.text)
    _ll_udiv10                               0x08000d51   Thumb Code   138  lludiv10.o(.text)
    _printf_fp_infnan                        0x08000ddd   Thumb Code   112  _printf_fp_infnan.o(.text)
    _btod_etento                             0x08000e5d   Thumb Code   216  bigflt0.o(.text)
    ferror                                   0x08000f39   Thumb Code     8  ferror.o(.text)
    __user_libspace                          0x08000f41   Thumb Code     8  libspace.o(.text)
    __user_perproc_libspace                  0x08000f41   Thumb Code     0  libspace.o(.text)
    __user_perthread_libspace                0x08000f41   Thumb Code     0  libspace.o(.text)
    __user_setup_stackheap                   0x08000f49   Thumb Code    74  sys_stackheap_outer.o(.text)
    exit                                     0x08000f93   Thumb Code    18  exit.o(.text)
    strcmp                                   0x08000fa5   Thumb Code   104  strcmpv7m_pel.o(.text)
    _sys_exit                                0x0800100d   Thumb Code     8  sys_exit.o(.text)
    __I$use$semihosting                      0x08001019   Thumb Code     0  use_no_semi.o(.text)
    __use_no_semihosting_swi                 0x08001019   Thumb Code     2  use_no_semi.o(.text)
    __semihosting_library_function           0x0800101b   Thumb Code     0  indicate_semi.o(.text)
    _btod_d2e                                0x0800101b   Thumb Code    62  btod.o(CL$$btod_d2e)
    _d2e_denorm_low                          0x08001059   Thumb Code    70  btod.o(CL$$btod_d2e_denorm_low)
    _d2e_norm_op1                            0x0800109f   Thumb Code    96  btod.o(CL$$btod_d2e_norm_op1)
    __btod_div_common                        0x080010ff   Thumb Code   696  btod.o(CL$$btod_div_common)
    _e2e                                     0x08001437   Thumb Code   198  btod.o(CL$$btod_e2e)
    _btod_ediv                               0x080014fd   Thumb Code    40  btod.o(CL$$btod_ediv)
    _btod_emul                               0x08001525   Thumb Code    40  btod.o(CL$$btod_emul)
    __btod_mult_common                       0x0800154d   Thumb Code   580  btod.o(CL$$btod_mult_common)
    BusFault_Handler                         0x08001791   Thumb Code     2  stm32h7xx_it.o(i.BusFault_Handler)
    DebugMon_Handler                         0x08001793   Thumb Code     2  stm32h7xx_it.o(i.DebugMon_Handler)
    Error_Handler                            0x08001795   Thumb Code     4  main.o(i.Error_Handler)
    HAL_DMA_Abort                            0x08001799   Thumb Code   774  stm32h7xx_hal_dma.o(i.HAL_DMA_Abort)
    HAL_DMA_Abort_IT                         0x08001b01   Thumb Code   576  stm32h7xx_hal_dma.o(i.HAL_DMA_Abort_IT)
    HAL_Delay                                0x08001da1   Thumb Code    34  stm32h7xx_hal.o(i.HAL_Delay)
    HAL_GPIO_Init                            0x08001dc9   Thumb Code   744  stm32h7xx_hal_gpio.o(i.HAL_GPIO_Init)
    HAL_GPIO_WritePin                        0x08002105   Thumb Code    50  stm32h7xx_hal_gpio.o(i.HAL_GPIO_WritePin)
    HAL_GetREVID                             0x08002175   Thumb Code     8  stm32h7xx_hal.o(i.HAL_GetREVID)
    HAL_GetTick                              0x08002181   Thumb Code     6  stm32h7xx_hal.o(i.HAL_GetTick)
    HAL_I2CEx_ConfigAnalogFilter             0x0800218d   Thumb Code   152  stm32h7xx_hal_i2c_ex.o(i.HAL_I2CEx_ConfigAnalogFilter)
    HAL_I2CEx_ConfigDigitalFilter            0x08002261   Thumb Code   144  stm32h7xx_hal_i2c_ex.o(i.HAL_I2CEx_ConfigDigitalFilter)
    HAL_I2C_Init                             0x0800232d   Thumb Code   392  stm32h7xx_hal_i2c.o(i.HAL_I2C_Init)
    HAL_I2C_Mem_Read                         0x080024ed   Thumb Code   444  stm32h7xx_hal_i2c.o(i.HAL_I2C_Mem_Read)
    HAL_I2C_Mem_Write                        0x080026e9   Thumb Code   438  stm32h7xx_hal_i2c.o(i.HAL_I2C_Mem_Write)
    HAL_I2C_MspInit                          0x080028dd   Thumb Code   118  i2c.o(i.HAL_I2C_MspInit)
    HAL_IncTick                              0x08002961   Thumb Code    12  stm32h7xx_hal.o(i.HAL_IncTick)
    HAL_Init                                 0x08002971   Thumb Code    74  stm32h7xx_hal.o(i.HAL_Init)
    HAL_InitTick                             0x080029cd   Thumb Code    66  stm32h7xx_hal.o(i.HAL_InitTick)
    HAL_MspInit                              0x08002a19   Thumb Code    28  stm32h7xx_hal_msp.o(i.HAL_MspInit)
    HAL_NVIC_EnableIRQ                       0x08002a39   Thumb Code    44  stm32h7xx_hal_cortex.o(i.HAL_NVIC_EnableIRQ)
    HAL_NVIC_SetPriority                     0x08002aa1   Thumb Code   120  stm32h7xx_hal_cortex.o(i.HAL_NVIC_SetPriority)
    HAL_NVIC_SetPriorityGrouping             0x08002b59   Thumb Code    62  stm32h7xx_hal_cortex.o(i.HAL_NVIC_SetPriorityGrouping)
    HAL_PWREx_ConfigSupply                   0x08002bd9   Thumb Code   106  stm32h7xx_hal_pwr_ex.o(i.HAL_PWREx_ConfigSupply)
    HAL_RCCEx_GetD3PCLK1Freq                 0x08002c89   Thumb Code    26  stm32h7xx_hal_rcc_ex.o(i.HAL_RCCEx_GetD3PCLK1Freq)
    HAL_RCCEx_GetPLL2ClockFreq               0x08002cad   Thumb Code   424  stm32h7xx_hal_rcc_ex.o(i.HAL_RCCEx_GetPLL2ClockFreq)
    HAL_RCCEx_GetPLL3ClockFreq               0x08002e7d   Thumb Code   424  stm32h7xx_hal_rcc_ex.o(i.HAL_RCCEx_GetPLL3ClockFreq)
    HAL_RCCEx_PeriphCLKConfig                0x0800304d   Thumb Code  3202  stm32h7xx_hal_rcc_ex.o(i.HAL_RCCEx_PeriphCLKConfig)
    HAL_RCC_ClockConfig                      0x08003cd5   Thumb Code  1274  stm32h7xx_hal_rcc.o(i.HAL_RCC_ClockConfig)
    HAL_RCC_GetHCLKFreq                      0x080041e1   Thumb Code    56  stm32h7xx_hal_rcc.o(i.HAL_RCC_GetHCLKFreq)
    HAL_RCC_GetPCLK1Freq                     0x08004229   Thumb Code    30  stm32h7xx_hal_rcc.o(i.HAL_RCC_GetPCLK1Freq)
    HAL_RCC_GetPCLK2Freq                     0x08004251   Thumb Code    30  stm32h7xx_hal_rcc.o(i.HAL_RCC_GetPCLK2Freq)
    HAL_RCC_GetSysClockFreq                  0x08004279   Thumb Code   428  stm32h7xx_hal_rcc.o(i.HAL_RCC_GetSysClockFreq)
    HAL_RCC_OscConfig                        0x08004455   Thumb Code  2244  stm32h7xx_hal_rcc.o(i.HAL_RCC_OscConfig)
    HAL_SPI_Init                             0x08004d2d   Thumb Code   824  stm32h7xx_hal_spi.o(i.HAL_SPI_Init)
    HAL_SPI_MspInit                          0x080050a9   Thumb Code   120  spi.o(i.HAL_SPI_MspInit)
    HAL_SPI_Transmit                         0x0800512d   Thumb Code   698  stm32h7xx_hal_spi.o(i.HAL_SPI_Transmit)
    HAL_SYSTICK_Config                       0x08005421   Thumb Code    36  stm32h7xx_hal_cortex.o(i.HAL_SYSTICK_Config)
    HAL_TIMEx_MasterConfigSynchronization    0x08005449   Thumb Code   384  stm32h7xx_hal_tim_ex.o(i.HAL_TIMEx_MasterConfigSynchronization)
    HAL_TIM_Base_Init                        0x08005615   Thumb Code   274  stm32h7xx_hal_tim.o(i.HAL_TIM_Base_Init)
    HAL_TIM_Base_MspInit                     0x08005761   Thumb Code    30  tim.o(i.HAL_TIM_Base_MspInit)
    HAL_TIM_ConfigClockSource                0x08005789   Thumb Code  1018  stm32h7xx_hal_tim.o(i.HAL_TIM_ConfigClockSource)
    HAL_TIM_MspPostInit                      0x08005bd5   Thumb Code   100  tim.o(i.HAL_TIM_MspPostInit)
    HAL_TIM_PWM_ConfigChannel                0x08005c49   Thumb Code   694  stm32h7xx_hal_tim.o(i.HAL_TIM_PWM_ConfigChannel)
    HAL_TIM_PWM_Init                         0x08005f55   Thumb Code   274  stm32h7xx_hal_tim.o(i.HAL_TIM_PWM_Init)
    HAL_TIM_PWM_MspInit                      0x080060a1   Thumb Code     2  stm32h7xx_hal_tim.o(i.HAL_TIM_PWM_MspInit)
    HAL_TIM_PWM_Start                        0x080060a5   Thumb Code   494  stm32h7xx_hal_tim.o(i.HAL_TIM_PWM_Start)
    HAL_UARTEx_DisableFifoMode               0x080062e9   Thumb Code   130  stm32h7xx_hal_uart_ex.o(i.HAL_UARTEx_DisableFifoMode)
    HAL_UARTEx_RxEventCallback               0x080063a9   Thumb Code     2  stm32h7xx_hal_uart.o(i.HAL_UARTEx_RxEventCallback)
    HAL_UARTEx_RxFifoFullCallback            0x080063ab   Thumb Code     2  stm32h7xx_hal_uart_ex.o(i.HAL_UARTEx_RxFifoFullCallback)
    HAL_UARTEx_SetRxFifoThreshold            0x080063ad   Thumb Code   184  stm32h7xx_hal_uart_ex.o(i.HAL_UARTEx_SetRxFifoThreshold)
    HAL_UARTEx_SetTxFifoThreshold            0x080064a1   Thumb Code   184  stm32h7xx_hal_uart_ex.o(i.HAL_UARTEx_SetTxFifoThreshold)
    HAL_UARTEx_TxFifoEmptyCallback           0x08006595   Thumb Code     2  stm32h7xx_hal_uart_ex.o(i.HAL_UARTEx_TxFifoEmptyCallback)
    HAL_UARTEx_WakeupCallback                0x08006597   Thumb Code     2  stm32h7xx_hal_uart_ex.o(i.HAL_UARTEx_WakeupCallback)
    HAL_UART_ErrorCallback                   0x08006599   Thumb Code     2  stm32h7xx_hal_uart.o(i.HAL_UART_ErrorCallback)
    HAL_UART_IRQHandler                      0x0800659d   Thumb Code   864  stm32h7xx_hal_uart.o(i.HAL_UART_IRQHandler)
    HAL_UART_Init                            0x08006949   Thumb Code   242  stm32h7xx_hal_uart.o(i.HAL_UART_Init)
    HAL_UART_MspInit                         0x08006a9d   Thumb Code   234  usart.o(i.HAL_UART_MspInit)
    HAL_UART_Receive_IT                      0x08006b99   Thumb Code    80  stm32h7xx_hal_uart.o(i.HAL_UART_Receive_IT)
    HAL_UART_RxCpltCallback                  0x08006be9   Thumb Code    24  main.o(i.HAL_UART_RxCpltCallback)
    HAL_UART_TxCpltCallback                  0x08006c09   Thumb Code     2  stm32h7xx_hal_uart.o(i.HAL_UART_TxCpltCallback)
    HardFault_Handler                        0x08006c0b   Thumb Code     2  stm32h7xx_it.o(i.HardFault_Handler)
    LCD_Address_Set                          0x08006fc7   Thumb Code    66  tftlcd.o(i.LCD_Address_Set)
    LCD_Clear                                0x08007009   Thumb Code    18  tftlcd.o(i.LCD_Clear)
    LCD_Fill                                 0x0800701d   Thumb Code   118  tftlcd.o(i.LCD_Fill)
    LCD_Init                                 0x0800709d   Thumb Code   444  tftlcd.o(i.LCD_Init)
    LCD_ShowChar                             0x08007261   Thumb Code   302  tftlcd.o(i.LCD_ShowChar)
    LCD_ShowString                           0x080073a1   Thumb Code    76  tftlcd.o(i.LCD_ShowString)
    LCD_Write_HalfWord                       0x08007425   Thumb Code    36  tftlcd.o(i.LCD_Write_HalfWord)
    LoRa_Set                                 0x0800744d   Thumb Code   222  main.o(i.LoRa_Set)
    MPU_Get_Accelerometer                    0x080075b1   Thumb Code    48  mpu6050.o(i.MPU_Get_Accelerometer)
    MPU_Init                                 0x080075e1   Thumb Code   124  mpu6050.o(i.MPU_Init)
    MPU_Read_Byte                            0x08007675   Thumb Code    44  mpu6050.o(i.MPU_Read_Byte)
    MPU_Read_Len                             0x080076a5   Thumb Code    34  mpu6050.o(i.MPU_Read_Len)
    MPU_Set_Accel_Fsr                        0x080076cd   Thumb Code    10  mpu6050.o(i.MPU_Set_Accel_Fsr)
    MPU_Set_Gyro_Fsr                         0x080076d7   Thumb Code    10  mpu6050.o(i.MPU_Set_Gyro_Fsr)
    MPU_Set_LPF                              0x080076e1   Thumb Code    48  mpu6050.o(i.MPU_Set_LPF)
    MPU_Set_Rate                             0x08007711   Thumb Code    46  mpu6050.o(i.MPU_Set_Rate)
    MPU_Write_Byte                           0x08007741   Thumb Code    44  mpu6050.o(i.MPU_Write_Byte)
    MX_GPIO_Init                             0x08007771   Thumb Code   342  gpio.o(i.MX_GPIO_Init)
    MX_I2C1_Init                             0x080078e1   Thumb Code    76  i2c.o(i.MX_I2C1_Init)
    MX_SPI6_Init                             0x08007939   Thumb Code    92  spi.o(i.MX_SPI6_Init)
    MX_TIM3_Init                             0x0800799d   Thumb Code   200  tim.o(i.MX_TIM3_Init)
    MX_USART1_UART_Init                      0x08007a6d   Thumb Code    94  usart.o(i.MX_USART1_UART_Init)
    MX_USART2_UART_Init                      0x08007ad5   Thumb Code    94  usart.o(i.MX_USART2_UART_Init)
    MemManage_Handler                        0x08007b3d   Thumb Code     2  stm32h7xx_it.o(i.MemManage_Handler)
    NMI_Handler                              0x08007b3f   Thumb Code     2  stm32h7xx_it.o(i.NMI_Handler)
    PendSV_Handler                           0x08007b41   Thumb Code     2  stm32h7xx_it.o(i.PendSV_Handler)
    SPI6_WriteData                           0x08007f7d   Thumb Code    14  bsp_spi.o(i.SPI6_WriteData)
    SVC_Handler                              0x080080bf   Thumb Code     2  stm32h7xx_it.o(i.SVC_Handler)
    SysTick_Handler                          0x080080c1   Thumb Code     4  stm32h7xx_it.o(i.SysTick_Handler)
    SystemClock_Config                       0x080080c5   Thumb Code   158  main.o(i.SystemClock_Config)
    SystemInit                               0x0800816d   Thumb Code   182  system_stm32h7xx.o(i.SystemInit)
    TIM_Base_SetConfig                       0x08008261   Thumb Code   168  stm32h7xx_hal_tim.o(i.TIM_Base_SetConfig)
    TIM_CCxChannelCmd                        0x08008329   Thumb Code   158  stm32h7xx_hal_tim.o(i.TIM_CCxChannelCmd)
    TIM_ETR_SetConfig                        0x08008401   Thumb Code    22  stm32h7xx_hal_tim.o(i.TIM_ETR_SetConfig)
    TIM_OC2_SetConfig                        0x08008551   Thumb Code   204  stm32h7xx_hal_tim.o(i.TIM_OC2_SetConfig)
    UART_AdvFeatureConfig                    0x0800898d   Thumb Code   492  stm32h7xx_hal_uart.o(i.UART_AdvFeatureConfig)
    UART_CheckIdleState                      0x08008bb5   Thumb Code   104  stm32h7xx_hal_uart.o(i.UART_CheckIdleState)
    UART_SetConfig                           0x08009015   Thumb Code  1534  stm32h7xx_hal_uart.o(i.UART_SetConfig)
    UART_Start_Receive_IT                    0x08009619   Thumb Code   232  stm32h7xx_hal_uart.o(i.UART_Start_Receive_IT)
    UART_WaitOnFlagUntilTimeout              0x08009711   Thumb Code   194  stm32h7xx_hal_uart.o(i.UART_WaitOnFlagUntilTimeout)
    USART1_IRQHandler                        0x080097d5   Thumb Code     6  stm32h7xx_it.o(i.USART1_IRQHandler)
    USART2_IRQHandler                        0x080097e1   Thumb Code     6  stm32h7xx_it.o(i.USART2_IRQHandler)
    UsageFault_Handler                       0x080097ed   Thumb Code     2  stm32h7xx_it.o(i.UsageFault_Handler)
    __ARM_fpclassify                         0x080097ef   Thumb Code    48  fpclassify.o(i.__ARM_fpclassify)
    __hardfp_acos                            0x08009821   Thumb Code   422  acos.o(i.__hardfp_acos)
    __kernel_poly                            0x08009a39   Thumb Code   112  poly.o(i.__kernel_poly)
    __mathlib_dbl_infnan                     0x08009aa9   Thumb Code     6  dunder.o(i.__mathlib_dbl_infnan)
    __mathlib_dbl_invalid                    0x08009ab1   Thumb Code    10  dunder.o(i.__mathlib_dbl_invalid)
    _is_digit                                0x08009ac9   Thumb Code    14  __printf_wp.o(i._is_digit)
    assert_failed                            0x08009ad7   Thumb Code     2  main.o(i.assert_failed)
    fputc                                    0x08009ad9   Thumb Code    18  bsp_usart.o(i.fputc)
    main                                     0x08009af1   Thumb Code  1236  main.o(i.main)
    sqrt                                     0x08009fc9   Thumb Code   106  sqrt.o(i.sqrt)
    _get_lc_numeric                          0x0800a035   Thumb Code    44  lc_numeric_c.o(locale$$code)
    _fp_init                                 0x0800a061   Thumb Code    10  fpinit.o(x$fpl$fpinit)
    __fplib_config_fpu_vfp                   0x0800a069   Thumb Code     0  fpinit.o(x$fpl$fpinit)
    __fplib_config_pureend_doubles           0x0800a069   Thumb Code     0  fpinit.o(x$fpl$fpinit)
    _printf_fp_dec                           0x0800a06b   Thumb Code     4  printf1.o(x$fpl$printf1)
    __I$use$fp                               0x0800a06e   Number         0  usenofp.o(x$fpl$usenofp)
    asc2_1206                                0x0800a06e   Data        1140  tftlcd.o(.constdata)
    asc2_1608                                0x0800a4e2   Data        1520  tftlcd.o(.constdata)
    asc2_2412                                0x0800aad2   Data        4560  tftlcd.o(.constdata)
    asc2_3216                                0x0800bca2   Data       12160  tftlcd.o(.constdata)
    UARTPrescTable                           0x0800ec22   Data          24  stm32h7xx_hal_uart.o(.constdata)
    D1CorePrescTable                         0x0800ec4a   Data          16  system_stm32h7xx.o(.constdata)
    Region$$Table$$Base                      0x0800ed7c   Number         0  anon$$obj.o(Region$$Table)
    Region$$Table$$Limit                     0x0800ed9c   Number         0  anon$$obj.o(Region$$Table)
    gear                                     0x24000000   Data           1  main.o(.data)
    rx2_buf                                  0x24000001   Data           1  main.o(.data)
    t                                        0x24000002   Data           1  main.o(.data)
    ax                                       0x24000004   Data           2  main.o(.data)
    ay                                       0x24000006   Data           2  main.o(.data)
    az                                       0x24000008   Data           2  main.o(.data)
    temp_z_angle                             0x2400000c   Data           4  main.o(.data)
    LoRa_CFG                                 0x24000010   Data          10  main.o(.data)
    __stdout                                 0x2400001c   Data           4  bsp_usart.o(.data)
    POINT_COLOR                              0x24000020   Data           2  tftlcd.o(.data)
    BACK_COLOR                               0x24000022   Data           2  tftlcd.o(.data)
    uwTickFreq                               0x24000024   Data           1  stm32h7xx_hal.o(.data)
    uwTickPrio                               0x24000028   Data           4  stm32h7xx_hal.o(.data)
    uwTick                                   0x2400002c   Data           4  stm32h7xx_hal.o(.data)
    SystemCoreClock                          0x24000030   Data           4  system_stm32h7xx.o(.data)
    SystemD2Clock                            0x24000034   Data           4  system_stm32h7xx.o(.data)
    str                                      0x24000038   Data          50  main.o(.bss)
    hi2c1                                    0x2400006c   Data          76  i2c.o(.bss)
    hspi6                                    0x240000b8   Data         136  spi.o(.bss)
    htim3                                    0x24000140   Data          76  tim.o(.bss)
    huart1                                   0x2400018c   Data         144  usart.o(.bss)
    huart2                                   0x2400021c   Data         144  usart.o(.bss)
    __libspace_start                         0x2400072c   Data          96  libspace.o(.bss)
    __temporary_stack_top$libspace           0x2400078c   Data           0  libspace.o(.bss)



==============================================================================

Memory Map of the image

  Image Entry point : 0x08000299

  Load Region LR_IROM1 (Base: 0x08000000, Size: 0x0000edf0, Max: 0x00020000, ABSOLUTE)

    Execution Region ER_IROM1 (Base: 0x08000000, Size: 0x0000edb8, Max: 0x00020000, ABSOLUTE)

    Base Addr    Size         Type   Attr      Idx    E Section Name        Object

    0x08000000   0x00000298   Data   RO            3    RESET               startup_stm32h750xx.o
    0x08000298   0x00000008   Code   RO         5320  * !!!main             c_w.l(__main.o)
    0x080002a0   0x00000034   Code   RO         5601    !!!scatter          c_w.l(__scatter.o)
    0x080002d4   0x0000001a   Code   RO         5603    !!handler_copy      c_w.l(__scatter_copy.o)
    0x080002ee   0x00000002   PAD
    0x080002f0   0x0000001c   Code   RO         5605    !!handler_zi        c_w.l(__scatter_zi.o)
    0x0800030c   0x00000000   Code   RO         5315    .ARM.Collect$$_printf_percent$$00000000  c_w.l(_printf_percent.o)
    0x0800030c   0x00000006   Code   RO         5314    .ARM.Collect$$_printf_percent$$00000003  c_w.l(_printf_f.o)
    0x08000312   0x00000006   Code   RO         5313    .ARM.Collect$$_printf_percent$$00000009  c_w.l(_printf_d.o)
    0x08000318   0x00000006   Code   RO         5312    .ARM.Collect$$_printf_percent$$0000000C  c_w.l(_printf_x.o)
    0x0800031e   0x00000006   Code   RO         5311    .ARM.Collect$$_printf_percent$$00000014  c_w.l(_printf_s.o)
    0x08000324   0x00000004   Code   RO         5357    .ARM.Collect$$_printf_percent$$00000017  c_w.l(_printf_percent_end.o)
    0x08000328   0x00000002   Code   RO         5474    .ARM.Collect$$libinit$$00000000  c_w.l(libinit.o)
    0x0800032a   0x00000004   Code   RO         5475    .ARM.Collect$$libinit$$00000001  c_w.l(libinit2.o)
    0x0800032e   0x00000000   Code   RO         5478    .ARM.Collect$$libinit$$00000004  c_w.l(libinit2.o)
    0x0800032e   0x00000000   Code   RO         5481    .ARM.Collect$$libinit$$0000000A  c_w.l(libinit2.o)
    0x0800032e   0x00000000   Code   RO         5483    .ARM.Collect$$libinit$$0000000C  c_w.l(libinit2.o)
    0x0800032e   0x00000000   Code   RO         5485    .ARM.Collect$$libinit$$0000000E  c_w.l(libinit2.o)
    0x0800032e   0x00000006   Code   RO         5486    .ARM.Collect$$libinit$$0000000F  c_w.l(libinit2.o)
    0x08000334   0x00000000   Code   RO         5488    .ARM.Collect$$libinit$$00000011  c_w.l(libinit2.o)
    0x08000334   0x00000000   Code   RO         5490    .ARM.Collect$$libinit$$00000013  c_w.l(libinit2.o)
    0x08000334   0x00000000   Code   RO         5492    .ARM.Collect$$libinit$$00000015  c_w.l(libinit2.o)
    0x08000334   0x0000000a   Code   RO         5493    .ARM.Collect$$libinit$$00000016  c_w.l(libinit2.o)
    0x0800033e   0x00000000   Code   RO         5494    .ARM.Collect$$libinit$$00000017  c_w.l(libinit2.o)
    0x0800033e   0x00000000   Code   RO         5496    .ARM.Collect$$libinit$$00000019  c_w.l(libinit2.o)
    0x0800033e   0x00000000   Code   RO         5498    .ARM.Collect$$libinit$$0000001B  c_w.l(libinit2.o)
    0x0800033e   0x00000000   Code   RO         5500    .ARM.Collect$$libinit$$0000001D  c_w.l(libinit2.o)
    0x0800033e   0x00000000   Code   RO         5502    .ARM.Collect$$libinit$$0000001F  c_w.l(libinit2.o)
    0x0800033e   0x00000000   Code   RO         5504    .ARM.Collect$$libinit$$00000021  c_w.l(libinit2.o)
    0x0800033e   0x00000000   Code   RO         5506    .ARM.Collect$$libinit$$00000023  c_w.l(libinit2.o)
    0x0800033e   0x00000000   Code   RO         5508    .ARM.Collect$$libinit$$00000025  c_w.l(libinit2.o)
    0x0800033e   0x00000000   Code   RO         5512    .ARM.Collect$$libinit$$0000002C  c_w.l(libinit2.o)
    0x0800033e   0x00000000   Code   RO         5514    .ARM.Collect$$libinit$$0000002E  c_w.l(libinit2.o)
    0x0800033e   0x00000000   Code   RO         5516    .ARM.Collect$$libinit$$00000030  c_w.l(libinit2.o)
    0x0800033e   0x00000000   Code   RO         5518    .ARM.Collect$$libinit$$00000032  c_w.l(libinit2.o)
    0x0800033e   0x00000002   Code   RO         5519    .ARM.Collect$$libinit$$00000033  c_w.l(libinit2.o)
    0x08000340   0x00000002   Code   RO         5566    .ARM.Collect$$libshutdown$$00000000  c_w.l(libshutdown.o)
    0x08000342   0x00000000   Code   RO         5584    .ARM.Collect$$libshutdown$$00000002  c_w.l(libshutdown2.o)
    0x08000342   0x00000000   Code   RO         5586    .ARM.Collect$$libshutdown$$00000004  c_w.l(libshutdown2.o)
    0x08000342   0x00000000   Code   RO         5589    .ARM.Collect$$libshutdown$$00000007  c_w.l(libshutdown2.o)
    0x08000342   0x00000000   Code   RO         5592    .ARM.Collect$$libshutdown$$0000000A  c_w.l(libshutdown2.o)
    0x08000342   0x00000000   Code   RO         5594    .ARM.Collect$$libshutdown$$0000000C  c_w.l(libshutdown2.o)
    0x08000342   0x00000000   Code   RO         5597    .ARM.Collect$$libshutdown$$0000000F  c_w.l(libshutdown2.o)
    0x08000342   0x00000002   Code   RO         5598    .ARM.Collect$$libshutdown$$00000010  c_w.l(libshutdown2.o)
    0x08000344   0x00000000   Code   RO         5338    .ARM.Collect$$rtentry$$00000000  c_w.l(__rtentry.o)
    0x08000344   0x00000000   Code   RO         5388    .ARM.Collect$$rtentry$$00000002  c_w.l(__rtentry2.o)
    0x08000344   0x00000006   Code   RO         5400    .ARM.Collect$$rtentry$$00000004  c_w.l(__rtentry4.o)
    0x0800034a   0x00000000   Code   RO         5390    .ARM.Collect$$rtentry$$00000009  c_w.l(__rtentry2.o)
    0x0800034a   0x00000004   Code   RO         5391    .ARM.Collect$$rtentry$$0000000A  c_w.l(__rtentry2.o)
    0x0800034e   0x00000000   Code   RO         5393    .ARM.Collect$$rtentry$$0000000C  c_w.l(__rtentry2.o)
    0x0800034e   0x00000008   Code   RO         5394    .ARM.Collect$$rtentry$$0000000D  c_w.l(__rtentry2.o)
    0x08000356   0x00000002   Code   RO         5520    .ARM.Collect$$rtexit$$00000000  c_w.l(rtexit.o)
    0x08000358   0x00000000   Code   RO         5535    .ARM.Collect$$rtexit$$00000002  c_w.l(rtexit2.o)
    0x08000358   0x00000004   Code   RO         5536    .ARM.Collect$$rtexit$$00000003  c_w.l(rtexit2.o)
    0x0800035c   0x00000006   Code   RO         5537    .ARM.Collect$$rtexit$$00000004  c_w.l(rtexit2.o)
    0x08000362   0x00000002   PAD
    0x08000364   0x00000040   Code   RO            4    .text               startup_stm32h750xx.o
    0x080003a4   0x000000ee   Code   RO         5252    .text               c_w.l(lludivv7m.o)
    0x08000492   0x00000002   PAD
    0x08000494   0x00000018   Code   RO         5258    .text               c_w.l(noretval__2printf.o)
    0x080004ac   0x00000028   Code   RO         5260    .text               c_w.l(noretval__2sprintf.o)
    0x080004d4   0x0000004e   Code   RO         5264    .text               c_w.l(_printf_pad.o)
    0x08000522   0x00000052   Code   RO         5266    .text               c_w.l(_printf_str.o)
    0x08000574   0x00000078   Code   RO         5268    .text               c_w.l(_printf_dec.o)
    0x080005ec   0x00000058   Code   RO         5273    .text               c_w.l(_printf_hex_int.o)
    0x08000644   0x00000138   Code   RO         5303    .text               c_w.l(__printf_flags_wp.o)
    0x0800077c   0x0000004e   Code   RO         5316    .text               c_w.l(rt_memclr_w.o)
    0x080007ca   0x00000006   Code   RO         5318    .text               c_w.l(heapauxi.o)
    0x080007d0   0x00000016   Code   RO         5343    .text               c_w.l(_rserrno.o)
    0x080007e6   0x000000b2   Code   RO         5345    .text               c_w.l(_printf_intcommon.o)
    0x08000898   0x0000041a   Code   RO         5347    .text               c_w.l(_printf_fp_dec.o)
    0x08000cb2   0x00000002   PAD
    0x08000cb4   0x00000030   Code   RO         5349    .text               c_w.l(_printf_char_common.o)
    0x08000ce4   0x0000000a   Code   RO         5351    .text               c_w.l(_sputc.o)
    0x08000cee   0x0000002c   Code   RO         5353    .text               c_w.l(_printf_char.o)
    0x08000d1a   0x00000002   PAD
    0x08000d1c   0x00000024   Code   RO         5355    .text               c_w.l(_printf_char_file.o)
    0x08000d40   0x00000008   Code   RO         5407    .text               c_w.l(rt_locale_intlibspace.o)
    0x08000d48   0x00000008   Code   RO         5412    .text               c_w.l(rt_errno_addr_intlibspace.o)
    0x08000d50   0x0000008a   Code   RO         5414    .text               c_w.l(lludiv10.o)
    0x08000dda   0x00000002   PAD
    0x08000ddc   0x00000080   Code   RO         5416    .text               c_w.l(_printf_fp_infnan.o)
    0x08000e5c   0x000000dc   Code   RO         5420    .text               c_w.l(bigflt0.o)
    0x08000f38   0x00000008   Code   RO         5445    .text               c_w.l(ferror.o)
    0x08000f40   0x00000008   Code   RO         5456    .text               c_w.l(libspace.o)
    0x08000f48   0x0000004a   Code   RO         5459    .text               c_w.l(sys_stackheap_outer.o)
    0x08000f92   0x00000012   Code   RO         5461    .text               c_w.l(exit.o)
    0x08000fa4   0x00000068   Code   RO         5467    .text               c_w.l(strcmpv7m_pel.o)
    0x0800100c   0x0000000c   Code   RO         5532    .text               c_w.l(sys_exit.o)
    0x08001018   0x00000002   Code   RO         5553    .text               c_w.l(use_no_semi.o)
    0x0800101a   0x00000000   Code   RO         5555    .text               c_w.l(indicate_semi.o)
    0x0800101a   0x0000003e   Code   RO         5423    CL$$btod_d2e        c_w.l(btod.o)
    0x08001058   0x00000046   Code   RO         5425    CL$$btod_d2e_denorm_low  c_w.l(btod.o)
    0x0800109e   0x00000060   Code   RO         5424    CL$$btod_d2e_norm_op1  c_w.l(btod.o)
    0x080010fe   0x00000338   Code   RO         5433    CL$$btod_div_common  c_w.l(btod.o)
    0x08001436   0x000000c6   Code   RO         5430    CL$$btod_e2e        c_w.l(btod.o)
    0x080014fc   0x00000028   Code   RO         5427    CL$$btod_ediv       c_w.l(btod.o)
    0x08001524   0x00000028   Code   RO         5426    CL$$btod_emul       c_w.l(btod.o)
    0x0800154c   0x00000244   Code   RO         5432    CL$$btod_mult_common  c_w.l(btod.o)
    0x08001790   0x00000002   Code   RO          454    i.BusFault_Handler  stm32h7xx_it.o
    0x08001792   0x00000002   Code   RO          455    i.DebugMon_Handler  stm32h7xx_it.o
    0x08001794   0x00000004   Code   RO           13    i.Error_Handler     main.o
    0x08001798   0x00000368   Code   RO         1726    i.HAL_DMA_Abort     stm32h7xx_hal_dma.o
    0x08001b00   0x000002a0   Code   RO         1727    i.HAL_DMA_Abort_IT  stm32h7xx_hal_dma.o
    0x08001da0   0x00000028   Code   RO         2435    i.HAL_Delay         stm32h7xx_hal.o
    0x08001dc8   0x0000033c   Code   RO         1574    i.HAL_GPIO_Init     stm32h7xx_hal_gpio.o
    0x08002104   0x00000070   Code   RO         1578    i.HAL_GPIO_WritePin  stm32h7xx_hal_gpio.o
    0x08002174   0x0000000c   Code   RO         2446    i.HAL_GetREVID      stm32h7xx_hal.o
    0x08002180   0x0000000c   Code   RO         2447    i.HAL_GetTick       stm32h7xx_hal.o
    0x0800218c   0x000000d4   Code   RO         3202    i.HAL_I2CEx_ConfigAnalogFilter  stm32h7xx_hal_i2c_ex.o
    0x08002260   0x000000cc   Code   RO         3203    i.HAL_I2CEx_ConfigDigitalFilter  stm32h7xx_hal_i2c_ex.o
    0x0800232c   0x000001c0   Code   RO         2751    i.HAL_I2C_Init      stm32h7xx_hal_i2c.o
    0x080024ec   0x000001fc   Code   RO         2769    i.HAL_I2C_Mem_Read  stm32h7xx_hal_i2c.o
    0x080026e8   0x000001f4   Code   RO         2772    i.HAL_I2C_Mem_Write  stm32h7xx_hal_i2c.o
    0x080028dc   0x00000084   Code   RO          275    i.HAL_I2C_MspInit   i2c.o
    0x08002960   0x00000010   Code   RO         2453    i.HAL_IncTick       stm32h7xx_hal.o
    0x08002970   0x0000005c   Code   RO         2454    i.HAL_Init          stm32h7xx_hal.o
    0x080029cc   0x0000004c   Code   RO         2455    i.HAL_InitTick      stm32h7xx_hal.o
    0x08002a18   0x00000020   Code   RO          542    i.HAL_MspInit       stm32h7xx_hal_msp.o
    0x08002a38   0x00000068   Code   RO          891    i.HAL_NVIC_EnableIRQ  stm32h7xx_hal_cortex.o
    0x08002aa0   0x000000b8   Code   RO          897    i.HAL_NVIC_SetPriority  stm32h7xx_hal_cortex.o
    0x08002b58   0x00000080   Code   RO          898    i.HAL_NVIC_SetPriorityGrouping  stm32h7xx_hal_cortex.o
    0x08002bd8   0x000000b0   Code   RO         2175    i.HAL_PWREx_ConfigSupply  stm32h7xx_hal_pwr_ex.o
    0x08002c88   0x00000024   Code   RO         1137    i.HAL_RCCEx_GetD3PCLK1Freq  stm32h7xx_hal_rcc_ex.o
    0x08002cac   0x000001d0   Code   RO         1139    i.HAL_RCCEx_GetPLL2ClockFreq  stm32h7xx_hal_rcc_ex.o
    0x08002e7c   0x000001d0   Code   RO         1140    i.HAL_RCCEx_GetPLL3ClockFreq  stm32h7xx_hal_rcc_ex.o
    0x0800304c   0x00000c88   Code   RO         1146    i.HAL_RCCEx_PeriphCLKConfig  stm32h7xx_hal_rcc_ex.o
    0x08003cd4   0x0000050c   Code   RO         1022    i.HAL_RCC_ClockConfig  stm32h7xx_hal_rcc.o
    0x080041e0   0x00000048   Code   RO         1027    i.HAL_RCC_GetHCLKFreq  stm32h7xx_hal_rcc.o
    0x08004228   0x00000028   Code   RO         1029    i.HAL_RCC_GetPCLK1Freq  stm32h7xx_hal_rcc.o
    0x08004250   0x00000028   Code   RO         1030    i.HAL_RCC_GetPCLK2Freq  stm32h7xx_hal_rcc.o
    0x08004278   0x000001dc   Code   RO         1031    i.HAL_RCC_GetSysClockFreq  stm32h7xx_hal_rcc.o
    0x08004454   0x000008d8   Code   RO         1034    i.HAL_RCC_OscConfig  stm32h7xx_hal_rcc.o
    0x08004d2c   0x0000037c   Code   RO         3339    i.HAL_SPI_Init      stm32h7xx_hal_spi.o
    0x080050a8   0x00000084   Code   RO          317    i.HAL_SPI_MspInit   spi.o
    0x0800512c   0x000002f4   Code   RO         3347    i.HAL_SPI_Transmit  stm32h7xx_hal_spi.o
    0x08005420   0x00000028   Code   RO          902    i.HAL_SYSTICK_Config  stm32h7xx_hal_cortex.o
    0x08005448   0x000001cc   Code   RO         4405    i.HAL_TIMEx_MasterConfigSynchronization  stm32h7xx_hal_tim_ex.o
    0x08005614   0x0000014c   Code   RO         3658    i.HAL_TIM_Base_Init  stm32h7xx_hal_tim.o
    0x08005760   0x00000028   Code   RO          359    i.HAL_TIM_Base_MspInit  tim.o
    0x08005788   0x0000044c   Code   RO         3667    i.HAL_TIM_ConfigClockSource  stm32h7xx_hal_tim.o
    0x08005bd4   0x00000074   Code   RO          360    i.HAL_TIM_MspPostInit  tim.o
    0x08005c48   0x0000030c   Code   RO         3730    i.HAL_TIM_PWM_ConfigChannel  stm32h7xx_hal_tim.o
    0x08005f54   0x0000014c   Code   RO         3733    i.HAL_TIM_PWM_Init  stm32h7xx_hal_tim.o
    0x080060a0   0x00000002   Code   RO         3735    i.HAL_TIM_PWM_MspInit  stm32h7xx_hal_tim.o
    0x080060a2   0x00000002   PAD
    0x080060a4   0x00000244   Code   RO         3738    i.HAL_TIM_PWM_Start  stm32h7xx_hal_tim.o
    0x080062e8   0x000000c0   Code   RO         5099    i.HAL_UARTEx_DisableFifoMode  stm32h7xx_hal_uart_ex.o
    0x080063a8   0x00000002   Code   RO         4683    i.HAL_UARTEx_RxEventCallback  stm32h7xx_hal_uart.o
    0x080063aa   0x00000002   Code   RO         5106    i.HAL_UARTEx_RxFifoFullCallback  stm32h7xx_hal_uart_ex.o
    0x080063ac   0x000000f4   Code   RO         5107    i.HAL_UARTEx_SetRxFifoThreshold  stm32h7xx_hal_uart_ex.o
    0x080064a0   0x000000f4   Code   RO         5108    i.HAL_UARTEx_SetTxFifoThreshold  stm32h7xx_hal_uart_ex.o
    0x08006594   0x00000002   Code   RO         5110    i.HAL_UARTEx_TxFifoEmptyCallback  stm32h7xx_hal_uart_ex.o
    0x08006596   0x00000002   Code   RO         5111    i.HAL_UARTEx_WakeupCallback  stm32h7xx_hal_uart_ex.o
    0x08006598   0x00000002   Code   RO         4699    i.HAL_UART_ErrorCallback  stm32h7xx_hal_uart.o
    0x0800659a   0x00000002   PAD
    0x0800659c   0x000003ac   Code   RO         4702    i.HAL_UART_IRQHandler  stm32h7xx_hal_uart.o
    0x08006948   0x00000154   Code   RO         4703    i.HAL_UART_Init     stm32h7xx_hal_uart.o
    0x08006a9c   0x000000fc   Code   RO          407    i.HAL_UART_MspInit  usart.o
    0x08006b98   0x00000050   Code   RO         4708    i.HAL_UART_Receive_IT  stm32h7xx_hal_uart.o
    0x08006be8   0x00000020   Code   RO           14    i.HAL_UART_RxCpltCallback  main.o
    0x08006c08   0x00000002   Code   RO         4715    i.HAL_UART_TxCpltCallback  stm32h7xx_hal_uart.o
    0x08006c0a   0x00000002   Code   RO          456    i.HardFault_Handler  stm32h7xx_it.o
    0x08006c0c   0x00000022   Code   RO         2798    i.I2C_Flush_TXDR    stm32h7xx_hal_i2c.o
    0x08006c2e   0x00000002   PAD
    0x08006c30   0x0000009c   Code   RO         2806    i.I2C_IsAcknowledgeFailed  stm32h7xx_hal_i2c.o
    0x08006ccc   0x0000007c   Code   RO         2809    i.I2C_RequestMemoryRead  stm32h7xx_hal_i2c.o
    0x08006d48   0x0000007c   Code   RO         2810    i.I2C_RequestMemoryWrite  stm32h7xx_hal_i2c.o
    0x08006dc4   0x000000e0   Code   RO         2813    i.I2C_TransferConfig  stm32h7xx_hal_i2c.o
    0x08006ea4   0x0000006c   Code   RO         2815    i.I2C_WaitOnFlagUntilTimeout  stm32h7xx_hal_i2c.o
    0x08006f10   0x00000058   Code   RO         2817    i.I2C_WaitOnSTOPFlagUntilTimeout  stm32h7xx_hal_i2c.o
    0x08006f68   0x0000005e   Code   RO         2818    i.I2C_WaitOnTXISFlagUntilTimeout  stm32h7xx_hal_i2c.o
    0x08006fc6   0x00000042   Code   RO          726    i.LCD_Address_Set   tftlcd.o
    0x08007008   0x00000012   Code   RO          727    i.LCD_Clear         tftlcd.o
    0x0800701a   0x00000002   PAD
    0x0800701c   0x00000080   Code   RO          736    i.LCD_Fill          tftlcd.o
    0x0800709c   0x000001c0   Code   RO          737    i.LCD_Init          tftlcd.o
    0x0800725c   0x00000004   Code   RO          739    i.LCD_SPI_Send      tftlcd.o
    0x08007260   0x00000140   Code   RO          740    i.LCD_ShowChar      tftlcd.o
    0x080073a0   0x0000004c   Code   RO          742    i.LCD_ShowString    tftlcd.o
    0x080073ec   0x0000001c   Code   RO          745    i.LCD_Write_Cmd     tftlcd.o
    0x08007408   0x0000001c   Code   RO          746    i.LCD_Write_Data    tftlcd.o
    0x08007424   0x00000028   Code   RO          747    i.LCD_Write_HalfWord  tftlcd.o
    0x0800744c   0x00000164   Code   RO           15    i.LoRa_Set          main.o
    0x080075b0   0x00000030   Code   RO          566    i.MPU_Get_Accelerometer  mpu6050.o
    0x080075e0   0x00000094   Code   RO          569    i.MPU_Init          mpu6050.o
    0x08007674   0x00000030   Code   RO          570    i.MPU_Read_Byte     mpu6050.o
    0x080076a4   0x00000028   Code   RO          571    i.MPU_Read_Len      mpu6050.o
    0x080076cc   0x0000000a   Code   RO          572    i.MPU_Set_Accel_Fsr  mpu6050.o
    0x080076d6   0x0000000a   Code   RO          573    i.MPU_Set_Gyro_Fsr  mpu6050.o
    0x080076e0   0x00000030   Code   RO          574    i.MPU_Set_LPF       mpu6050.o
    0x08007710   0x0000002e   Code   RO          575    i.MPU_Set_Rate      mpu6050.o
    0x0800773e   0x00000002   PAD
    0x08007740   0x00000030   Code   RO          576    i.MPU_Write_Byte    mpu6050.o
    0x08007770   0x00000170   Code   RO          246    i.MX_GPIO_Init      gpio.o
    0x080078e0   0x00000058   Code   RO          276    i.MX_I2C1_Init      i2c.o
    0x08007938   0x00000064   Code   RO          318    i.MX_SPI6_Init      spi.o
    0x0800799c   0x000000d0   Code   RO          361    i.MX_TIM3_Init      tim.o
    0x08007a6c   0x00000068   Code   RO          408    i.MX_USART1_UART_Init  usart.o
    0x08007ad4   0x00000068   Code   RO          409    i.MX_USART2_UART_Init  usart.o
    0x08007b3c   0x00000002   Code   RO          457    i.MemManage_Handler  stm32h7xx_it.o
    0x08007b3e   0x00000002   Code   RO          458    i.NMI_Handler       stm32h7xx_it.o
    0x08007b40   0x00000002   Code   RO          459    i.PendSV_Handler    stm32h7xx_it.o
    0x08007b42   0x00000002   PAD
    0x08007b44   0x00000218   Code   RO         1149    i.RCCEx_PLL2_Config  stm32h7xx_hal_rcc_ex.o
    0x08007d5c   0x00000220   Code   RO         1150    i.RCCEx_PLL3_Config  stm32h7xx_hal_rcc_ex.o
    0x08007f7c   0x00000014   Code   RO          702    i.SPI6_WriteData    bsp_spi.o
    0x08007f90   0x000000c4   Code   RO         3358    i.SPI_CloseTransfer  stm32h7xx_hal_spi.o
    0x08008054   0x00000014   Code   RO         3369    i.SPI_GetPacketSize  stm32h7xx_hal_spi.o
    0x08008068   0x00000056   Code   RO         3376    i.SPI_WaitOnFlagUntilTimeout  stm32h7xx_hal_spi.o
    0x080080be   0x00000002   Code   RO          460    i.SVC_Handler       stm32h7xx_it.o
    0x080080c0   0x00000004   Code   RO          461    i.SysTick_Handler   stm32h7xx_it.o
    0x080080c4   0x000000a8   Code   RO           16    i.SystemClock_Config  main.o
    0x0800816c   0x000000f4   Code   RO         5217    i.SystemInit        system_stm32h7xx.o
    0x08008260   0x000000c8   Code   RO         3751    i.TIM_Base_SetConfig  stm32h7xx_hal_tim.o
    0x08008328   0x000000d8   Code   RO         3752    i.TIM_CCxChannelCmd  stm32h7xx_hal_tim.o
    0x08008400   0x00000016   Code   RO         3762    i.TIM_ETR_SetConfig  stm32h7xx_hal_tim.o
    0x08008416   0x00000014   Code   RO         3763    i.TIM_ITRx_SetConfig  stm32h7xx_hal_tim.o
    0x0800842a   0x00000002   PAD
    0x0800842c   0x00000124   Code   RO         3764    i.TIM_OC1_SetConfig  stm32h7xx_hal_tim.o
    0x08008550   0x0000010c   Code   RO         3765    i.TIM_OC2_SetConfig  stm32h7xx_hal_tim.o
    0x0800865c   0x00000108   Code   RO         3766    i.TIM_OC3_SetConfig  stm32h7xx_hal_tim.o
    0x08008764   0x000000b8   Code   RO         3767    i.TIM_OC4_SetConfig  stm32h7xx_hal_tim.o
    0x0800881c   0x00000064   Code   RO         3768    i.TIM_OC5_SetConfig  stm32h7xx_hal_tim.o
    0x08008880   0x00000066   Code   RO         3769    i.TIM_OC6_SetConfig  stm32h7xx_hal_tim.o
    0x080088e6   0x00000026   Code   RO         3771    i.TIM_TI1_ConfigInputStage  stm32h7xx_hal_tim.o
    0x0800890c   0x00000024   Code   RO         3773    i.TIM_TI2_ConfigInputStage  stm32h7xx_hal_tim.o
    0x08008930   0x0000005c   Code   RO         5112    i.UARTEx_SetNbDataToProcess  stm32h7xx_hal_uart_ex.o
    0x0800898c   0x00000228   Code   RO         4717    i.UART_AdvFeatureConfig  stm32h7xx_hal_uart.o
    0x08008bb4   0x00000068   Code   RO         4718    i.UART_CheckIdleState  stm32h7xx_hal_uart.o
    0x08008c1c   0x00000014   Code   RO         4719    i.UART_DMAAbortOnError  stm32h7xx_hal_uart.o
    0x08008c30   0x00000036   Code   RO         4729    i.UART_EndRxTransfer  stm32h7xx_hal_uart.o
    0x08008c66   0x0000001c   Code   RO         4730    i.UART_EndTransmit_IT  stm32h7xx_hal_uart.o
    0x08008c82   0x00000080   Code   RO         4732    i.UART_RxISR_16BIT  stm32h7xx_hal_uart.o
    0x08008d02   0x00000002   PAD
    0x08008d04   0x00000148   Code   RO         4733    i.UART_RxISR_16BIT_FIFOEN  stm32h7xx_hal_uart.o
    0x08008e4c   0x00000080   Code   RO         4734    i.UART_RxISR_8BIT   stm32h7xx_hal_uart.o
    0x08008ecc   0x00000148   Code   RO         4735    i.UART_RxISR_8BIT_FIFOEN  stm32h7xx_hal_uart.o
    0x08009014   0x00000604   Code   RO         4736    i.UART_SetConfig    stm32h7xx_hal_uart.o
    0x08009618   0x000000f8   Code   RO         4738    i.UART_Start_Receive_IT  stm32h7xx_hal_uart.o
    0x08009710   0x000000c2   Code   RO         4743    i.UART_WaitOnFlagUntilTimeout  stm32h7xx_hal_uart.o
    0x080097d2   0x00000002   PAD
    0x080097d4   0x0000000c   Code   RO          462    i.USART1_IRQHandler  stm32h7xx_it.o
    0x080097e0   0x0000000c   Code   RO          463    i.USART2_IRQHandler  stm32h7xx_it.o
    0x080097ec   0x00000002   Code   RO          464    i.UsageFault_Handler  stm32h7xx_it.o
    0x080097ee   0x00000030   Code   RO         5454    i.__ARM_fpclassify  m_wv.l(fpclassify.o)
    0x0800981e   0x00000002   PAD
    0x08009820   0x00000218   Code   RO         5324    i.__hardfp_acos     m_wv.l(acos.o)
    0x08009a38   0x00000070   Code   RO         5373    i.__kernel_poly     m_wv.l(poly.o)
    0x08009aa8   0x00000006   Code   RO         5360    i.__mathlib_dbl_infnan  m_wv.l(dunder.o)
    0x08009aae   0x00000002   PAD
    0x08009ab0   0x00000018   Code   RO         5362    i.__mathlib_dbl_invalid  m_wv.l(dunder.o)
    0x08009ac8   0x0000000e   Code   RO         5301    i._is_digit         c_w.l(__printf_wp.o)
    0x08009ad6   0x00000002   Code   RO           17    i.assert_failed     main.o
    0x08009ad8   0x00000018   Code   RO          671    i.fputc             bsp_usart.o
    0x08009af0   0x000004d8   Code   RO           18    i.main              main.o
    0x08009fc8   0x0000006a   Code   RO         5377    i.sqrt              m_wv.l(sqrt.o)
    0x0800a032   0x00000002   PAD
    0x0800a034   0x0000002c   Code   RO         5450    locale$$code        c_w.l(lc_numeric_c.o)
    0x0800a060   0x0000000a   Code   RO         5530    x$fpl$fpinit        fz_wv.l(fpinit.o)
    0x0800a06a   0x00000004   Code   RO         5322    x$fpl$printf1       fz_wv.l(printf1.o)
    0x0800a06e   0x00000000   Code   RO         5358    x$fpl$usenofp       fz_wv.l(usenofp.o)
    0x0800a06e   0x00004bb4   Data   RO          749    .constdata          tftlcd.o
    0x0800ec22   0x00000018   Data   RO         4744    .constdata          stm32h7xx_hal_uart.o
    0x0800ec3a   0x00000010   Data   RO         5114    .constdata          stm32h7xx_hal_uart_ex.o
    0x0800ec4a   0x00000010   Data   RO         5218    .constdata          system_stm32h7xx.o
    0x0800ec5a   0x00000028   Data   RO         5274    .constdata          c_w.l(_printf_hex_int.o)
    0x0800ec82   0x00000011   Data   RO         5304    .constdata          c_w.l(__printf_flags_wp.o)
    0x0800ec93   0x00000005   PAD
    0x0800ec98   0x00000050   Data   RO         5327    .constdata          m_wv.l(acos.o)
    0x0800ece8   0x00000094   Data   RO         5421    .constdata          c_w.l(bigflt0.o)
    0x0800ed7c   0x00000020   Data   RO         5599    Region$$Table       anon$$obj.o
    0x0800ed9c   0x0000001c   Data   RO         5449    locale$$data        c_w.l(lc_numeric_c.o)


    Execution Region RW_IRAM1 (Base: 0x20000000, Size: 0x00000000, Max: 0x00020000, ABSOLUTE)

    **** No section assigned to this execution region ****


    Execution Region RW_IRAM2 (Base: 0x24000000, Size: 0x00001790, Max: 0x00080000, ABSOLUTE)

    Base Addr    Size         Type   Attr      Idx    E Section Name        Object

    0x24000000   0x0000001a   Data   RW           21    .data               main.o
    0x2400001a   0x00000002   PAD
    0x2400001c   0x00000004   Data   RW          672    .data               bsp_usart.o
    0x24000020   0x00000004   Data   RW          750    .data               tftlcd.o
    0x24000024   0x0000000c   Data   RW         2476    .data               stm32h7xx_hal.o
    0x24000030   0x00000008   Data   RW         5219    .data               system_stm32h7xx.o
    0x24000038   0x00000032   Zero   RW           19    .bss                main.o
    0x2400006a   0x00000002   PAD
    0x2400006c   0x0000004c   Zero   RW          277    .bss                i2c.o
    0x240000b8   0x00000088   Zero   RW          319    .bss                spi.o
    0x24000140   0x0000004c   Zero   RW          362    .bss                tim.o
    0x2400018c   0x00000120   Zero   RW          410    .bss                usart.o
    0x240002ac   0x00000480   Zero   RW          748    .bss                tftlcd.o
    0x2400072c   0x00000060   Zero   RW         5457    .bss                c_w.l(libspace.o)
    0x2400078c   0x00000004   PAD
    0x24000790   0x00000800   Zero   RW            2    HEAP                startup_stm32h750xx.o
    0x24000f90   0x00000800   Zero   RW            1    STACK               startup_stm32h750xx.o


==============================================================================

Image component sizes


      Code (inc. data)   RO Data    RW Data    ZI Data      Debug   Object Name

        20          6          0          0          0        817   bsp_spi.o
        24          6          0          4          0       2190   bsp_usart.o
       368         26          0          0          0       1047   gpio.o
       220         26          0          0         76       1657   i2c.o
      1802        352          0         26         50    1339216   main.o
       446         38          0          0          0       5595   mpu6050.o
       232         20          0          0        136       1685   spi.o
        64         26        664          0       4096        816   startup_stm32h750xx.o
       248         48          0         12          0      23104   stm32h7xx_hal.o
       456        194          0          0          0      39231   stm32h7xx_hal_cortex.o
      1544        194          0          0          0       4267   stm32h7xx_hal_dma.o
       940        146          0          0          0       2740   stm32h7xx_hal_gpio.o
      2408        270          0          0          0      12694   stm32h7xx_hal_i2c.o
       416        120          0          0          0       2047   stm32h7xx_hal_i2c_ex.o
        32          4          0          0          0        770   stm32h7xx_hal_msp.o
       176         70          0          0          0        833   stm32h7xx_hal_pwr_ex.o
      4184        282          0          0          0       8828   stm32h7xx_hal_rcc.o
      5252        374          0          0          0       8341   stm32h7xx_hal_rcc_ex.o
      1950        126          0          0          0       5362   stm32h7xx_hal_spi.o
      4868        730          0          0          0      15902   stm32h7xx_hal_tim.o
       460         76          0          0          0       1548   stm32h7xx_hal_tim_ex.o
      5018        394         24          0          0      35546   stm32h7xx_hal_uart.o
       778        188         16          0          0       5470   stm32h7xx_hal_uart_ex.o
        44         12          0          0          0       4818   stm32h7xx_it.o
       244         62         16          8          0       1250   system_stm32h7xx.o
      1156         48      19380          4       1152       8269   tftlcd.o
       364         34          0          0         76       2340   tim.o
       460         38          0          0        288       2455   usart.o

    ----------------------------------------------------------------------
     34192       3910      20132         56       5876    1538838   Object Totals
         0          0         32          0          0          0   (incl. Generated)
        18          0          0          2          2          0   (incl. Padding)

    ----------------------------------------------------------------------

      Code (inc. data)   RO Data    RW Data    ZI Data      Debug   Library Member Name

         8          0          0          0          0         68   __main.o
       312          4         17          0          0         92   __printf_flags_wp.o
        14          0          0          0          0         68   __printf_wp.o
         0          0          0          0          0          0   __rtentry.o
        12          0          0          0          0          0   __rtentry2.o
         6          0          0          0          0          0   __rtentry4.o
        52          8          0          0          0          0   __scatter.o
        26          0          0          0          0          0   __scatter_copy.o
        28          0          0          0          0          0   __scatter_zi.o
        44          0          0          0          0        108   _printf_char.o
        48          6          0          0          0         96   _printf_char_common.o
        36          4          0          0          0         80   _printf_char_file.o
         6          0          0          0          0          0   _printf_d.o
       120         16          0          0          0         92   _printf_dec.o
         6          0          0          0          0          0   _printf_f.o
      1050          0          0          0          0        216   _printf_fp_dec.o
       128         16          0          0          0         84   _printf_fp_infnan.o
        88          4         40          0          0         88   _printf_hex_int.o
       178          0          0          0          0         88   _printf_intcommon.o
        78          0          0          0          0        108   _printf_pad.o
         0          0          0          0          0          0   _printf_percent.o
         4          0          0          0          0          0   _printf_percent_end.o
         6          0          0          0          0          0   _printf_s.o
        82          0          0          0          0         80   _printf_str.o
         6          0          0          0          0          0   _printf_x.o
        22          0          0          0          0        100   _rserrno.o
        10          0          0          0          0         68   _sputc.o
       220          4        148          0          0         96   bigflt0.o
      1910        128          0          0          0        672   btod.o
        18          0          0          0          0         80   exit.o
         8          0          0          0          0         68   ferror.o
         6          0          0          0          0        152   heapauxi.o
         0          0          0          0          0          0   indicate_semi.o
        44         10         28          0          0         76   lc_numeric_c.o
         2          0          0          0          0          0   libinit.o
        22          0          0          0          0          0   libinit2.o
         2          0          0          0          0          0   libshutdown.o
         2          0          0          0          0          0   libshutdown2.o
         8          4          0          0         96         68   libspace.o
       138          0          0          0          0         80   lludiv10.o
       238          0          0          0          0        100   lludivv7m.o
        24          4          0          0          0         84   noretval__2printf.o
        40          6          0          0          0         84   noretval__2sprintf.o
         8          4          0          0          0         68   rt_errno_addr_intlibspace.o
         8          4          0          0          0         68   rt_locale_intlibspace.o
        78          0          0          0          0         80   rt_memclr_w.o
         2          0          0          0          0          0   rtexit.o
        10          0          0          0          0          0   rtexit2.o
       104          0          0          0          0         68   strcmpv7m_pel.o
        12          4          0          0          0         68   sys_exit.o
        74          0          0          0          0         80   sys_stackheap_outer.o
         2          0          0          0          0         68   use_no_semi.o
        10          0          0          0          0        116   fpinit.o
         4          0          0          0          0        116   printf1.o
         0          0          0          0          0          0   usenofp.o
       536        114         80          0          0        256   acos.o
        30         14          0          0          0        232   dunder.o
        48          0          0          0          0        124   fpclassify.o
       112          0          0          0          0        116   poly.o
       106          0          0          0          0        140   sqrt.o

    ----------------------------------------------------------------------
      6214        354        318          0        100       4596   Library Totals
        18          0          5          0          4          0   (incl. Padding)

    ----------------------------------------------------------------------

      Code (inc. data)   RO Data    RW Data    ZI Data      Debug   Library Name

      5350        226        233          0         96       3496   c_w.l
        14          0          0          0          0        232   fz_wv.l
       832        128         80          0          0        868   m_wv.l

    ----------------------------------------------------------------------
      6214        354        318          0        100       4596   Library Totals

    ----------------------------------------------------------------------

==============================================================================


      Code (inc. data)   RO Data    RW Data    ZI Data      Debug   

     40406       4264      20450         56       5976    1527710   Grand Totals
     40406       4264      20450         56       5976    1527710   ELF Image Totals
     40406       4264      20450         56          0          0   ROM Totals

==============================================================================

    Total RO  Size (Code + RO Data)                60856 (  59.43kB)
    Total RW  Size (RW Data + ZI Data)              6032 (   5.89kB)
    Total ROM Size (Code + RO Data + RW Data)      60912 (  59.48kB)

==============================================================================

